Mar 16 22:40:53 syslogd started: BusyBox v1.1.3
Mar 16 22:40:53 kernel: klogd started: BusyBox v1.1.3 (Debian 1:1.1.3-5ubuntu12)
Mar 16 22:40:53 kernel: [    0.000000] Linux version 2.6.24-16-generic (buildd@palmer) (gcc version 4.2.3 (Ubuntu 4.2.3-2ubuntu7)) #1 SMP Thu Apr 10 13:23:42 UTC 2008 (Ubuntu 2.6.24-16.30-generic)
Mar 16 22:40:53 kernel: [    0.000000] BIOS-provided physical RAM map:
Mar 16 22:40:53 kernel: [    0.000000]  BIOS-e820: 0000000000000000 - 000000000009f800 (usable)
Mar 16 22:40:53 kernel: [    0.000000]  BIOS-e820: 000000000009f800 - 00000000000a0000 (reserved)
Mar 16 22:40:53 kernel: [    0.000000]  BIOS-e820: 00000000000ca000 - 00000000000cc000 (reserved)
Mar 16 22:40:53 kernel: [    0.000000]  BIOS-e820: 00000000000dc000 - 00000000000e4000 (reserved)
Mar 16 22:40:53 kernel: [    0.000000]  BIOS-e820: 00000000000e8000 - 0000000000100000 (reserved)
Mar 16 22:40:53 kernel: [    0.000000]  BIOS-e820: 0000000000100000 - 000000002a2f0000 (usable)
Mar 16 22:40:53 kernel: [    0.000000]  BIOS-e820: 000000002a2f0000 - 000000002a2ff000 (ACPI data)
Mar 16 22:40:53 kernel: [    0.000000]  BIOS-e820: 000000002a2ff000 - 000000002a300000 (ACPI NVS)
Mar 16 22:40:53 kernel: [    0.000000]  BIOS-e820: 000000002a300000 - 000000002a400000 (usable)
Mar 16 22:40:53 kernel: [    0.000000]  BIOS-e820: 00000000e0000000 - 00000000f0000000 (reserved)
Mar 16 22:40:53 kernel: [    0.000000]  BIOS-e820: 00000000fec00000 - 00000000fec10000 (reserved)
Mar 16 22:40:53 kernel: [    0.000000]  BIOS-e820: 00000000fee00000 - 00000000fee01000 (reserved)
Mar 16 22:40:53 kernel: [    0.000000]  BIOS-e820: 00000000fffe0000 - 0000000100000000 (reserved)
Mar 16 22:40:53 kernel: [    0.000000] 0MB HIGHMEM available.
Mar 16 22:40:53 kernel: [    0.000000] 676MB LOWMEM available.
Mar 16 22:40:53 kernel: [    0.000000] found SMP MP-table at 000f69b0
Mar 16 22:40:53 kernel: [    0.000000] Entering add_active_range(0, 0, 173056) 0 entries of 256 used
Mar 16 22:40:53 kernel: [    0.000000] Zone PFN ranges:
Mar 16 22:40:53 kernel: [    0.000000]   DMA             0 ->     4096
Mar 16 22:40:53 kernel: [    0.000000]   Normal       4096 ->   173056
Mar 16 22:40:53 kernel: [    0.000000]   HighMem    173056 ->   173056
Mar 16 22:40:53 kernel: [    0.000000] Movable zone start PFN for each node
Mar 16 22:40:53 kernel: [    0.000000] early_node_map[1] active PFN ranges
Mar 16 22:40:53 kernel: [    0.000000]     0:        0 ->   173056
Mar 16 22:40:53 kernel: [    0.000000] On node 0 totalpages: 173056
Mar 16 22:40:53 kernel: [    0.000000]   DMA zone: 32 pages used for memmap
Mar 16 22:40:53 kernel: [    0.000000]   DMA zone: 0 pages reserved
Mar 16 22:40:53 kernel: [    0.000000]   DMA zone: 4064 pages, LIFO batch:0
Mar 16 22:40:53 kernel: [    0.000000]   Normal zone: 1320 pages used for memmap
Mar 16 22:40:53 kernel: [    0.000000]   Normal zone: 167640 pages, LIFO batch:31
Mar 16 22:40:53 kernel: [    0.000000]   HighMem zone: 0 pages used for memmap
Mar 16 22:40:53 kernel: [    0.000000]   Movable zone: 0 pages used for memmap
Mar 16 22:40:53 kernel: [    0.000000] DMI present.
Mar 16 22:40:53 kernel: [    0.000000] ACPI: RSDP signature @ 0xC00F6940 checksum 0
Mar 16 22:40:53 kernel: [    0.000000] ACPI: RSDP 000F6940, 0024 (r2 PTLTD )
Mar 16 22:40:53 kernel: [    0.000000] ACPI: XSDT 2A2F081B, 004C (r1 INTEL  440BX     6040000 VMW   1324272)
Mar 16 22:40:53 kernel: [    0.000000] ACPI: FACP 2A2FEE98, 00F4 (r4 INTEL  440BX     6040000 PTL     F4240)
Mar 16 22:40:53 kernel: [    0.000000] ACPI: DSDT 2A2F09E1, E4B7 (r1 PTLTD  Custom    6040000 MSFT  3000001)
Mar 16 22:40:53 kernel: [    0.000000] ACPI: FACS 2A2FFFC0, 0040
Mar 16 22:40:53 kernel: [    0.000000] ACPI: BOOT 2A2F09B9, 0028 (r1 PTLTD  $SBFTBL$  6040000  LTP        1)
Mar 16 22:40:53 kernel: [    0.000000] ACPI: APIC 2A2F095B, 005E (r1 PTLTD  ^I APIC    6040000  LTP        0)
Mar 16 22:40:53 kernel: [    0.000000] ACPI: MCFG 2A2F091F, 003C (r1 PTLTD  $PCITBL$  6040000  LTP        1)
Mar 16 22:40:53 kernel: [    0.000000] ACPI: SRAT 2A2F089F, 0080 (r2 VMWARE MEMPLUG   6040000 VMW         1)
Mar 16 22:40:53 kernel: [    0.000000] ACPI: PM-Timer IO Port: 0x1008
Mar 16 22:40:53 kernel: [    0.000000] ACPI: Local APIC address 0xfee00000
Mar 16 22:40:53 kernel: [    0.000000] ACPI: LAPIC (acpi_id[0x00] lapic_id[0x00] enabled)
Mar 16 22:40:53 kernel: [    0.000000] Processor #0 7:7 APIC version 17
Mar 16 22:40:53 kernel: [    0.000000] ACPI: LAPIC (acpi_id[0x01] lapic_id[0x01] enabled)
Mar 16 22:40:53 kernel: [    0.000000] Processor #1 7:7 APIC version 17
Mar 16 22:40:53 kernel: [    0.000000] ACPI: LAPIC_NMI (acpi_id[0x00] high edge lint[0x1])
Mar 16 22:40:53 kernel: [    0.000000] ACPI: LAPIC_NMI (acpi_id[0x01] high edge lint[0x1])
Mar 16 22:40:53 kernel: [    0.000000] ACPI: IOAPIC (id[0x02] address[0xfec00000] gsi_base[0])
Mar 16 22:40:53 kernel: [    0.000000] IOAPIC[0]: apic_id 2, version 17, address 0xfec00000, GSI 0-23
Mar 16 22:40:53 kernel: [    0.000000] ACPI: INT_SRC_OVR (bus 0 bus_irq 0 global_irq 2 high edge)
Mar 16 22:40:53 kernel: [    0.000000] ACPI: IRQ0 used by override.
Mar 16 22:40:53 kernel: [    0.000000] ACPI: IRQ2 used by override.
Mar 16 22:40:53 kernel: [    0.000000] ACPI: IRQ9 used by override.
Mar 16 22:40:53 kernel: [    0.000000] Enabling APIC mode:  Flat.  Using 1 I/O APICs
Mar 16 22:40:53 kernel: [    0.000000] Using ACPI (MADT) for SMP configuration information
Mar 16 22:40:53 kernel: c00000)
Mar 16 22:40:53 kernel: [    0.000000] swsusp: Registered nosave memory region: 000000000009f000 - 00000000000a0000
Mar 16 22:40:53 kernel: [    0.000000] swsusp: Registered nosave memory region: 00000000000a0000 - 00000000000ca000
Mar 16 22:40:53 kernel: [    0.000000] swsusp: Registered nosave memory region: 00000000000ca000 - 00000000000cc000
Mar 16 22:40:53 kernel: [    0.000000] swsusp: Registered nosave memory region: 00000000000cc000 - 00000000000dc000
Mar 16 22:40:53 kernel: [    0.000000] swsusp: Registered nosave memory region: 00000000000dc000 - 00000000000e4000
Mar 16 22:40:53 kernel: [    0.000000] swsusp: Registered nosave memory region: 00000000000e4000 - 00000000000e8000
Mar 16 22:40:53 kernel: [    0.000000] swsusp: Registered nosave memory region: 00000000000e8000 - 0000000000100000
Mar 16 22:40:53 kernel: [    0.000000] swsusp: Registered nosave memory region: 000000002a2f0000 - 000000002a2ff000
Mar 16 22:40:53 kernel: [    0.000000] swsusp: Registered nosave memory region: 000000002a2ff000 - 000000002a300000
Mar 16 22:40:53 kernel: [    0.000000] Built 1 zonelists in Zone order, mobility grouping on.  Total pages: 171704
Mar 16 22:40:53 kernel: [    0.000000] Kernel command line: BOOT_IMAGE=/install/vmlinuz file=/cdrom/preseed/ubuntu-server.seed initrd=/install/initrd.gz quiet --
Mar 16 22:40:53 kernel: [    0.000000] mapped APIC to ffffb000 (fee00000)
Mar 16 22:40:53 kernel: [    0.000000] mapped IOAPIC to ffffa000 (fec00000)
Mar 16 22:40:53 kernel: [    0.000000] Enabling fast FPU save and restore... done.
Mar 16 22:40:53 kernel: [    0.000000] Enabling unmasked SIMD FPU exception support... done.
Mar 16 22:40:53 kernel: [    0.000000] Initializing CPU#0
Mar 16 22:40:53 kernel: [    0.000000] PID hash table entries: 4096 (order: 12, 16384 bytes)
Mar 16 22:40:53 kernel: [    0.000000] Detected 2284.699 MHz processor.
Mar 16 22:40:53 kernel: [   33.632501] Console: colour VGA+ 80x25
Mar 16 22:40:53 kernel: [   33.632509] console [tty0] enabled
Mar 16 22:40:53 kernel: [   33.635753] Dentry cache hash table entries: 131072 (order: 7, 524288 bytes)
Mar 16 22:40:53 kernel: [   33.638547] Inode-cache hash table entries: 65536 (order: 6, 262144 bytes)
Mar 16 22:40:53 kernel: [   33.640250] Memory: 676004k/692224k available (2157k kernel code, 15528k reserved, 998k data, 364k init, 0k highmem)
Mar 16 22:40:53 kernel: [   33.640260] virtual kernel memory layout:
Mar 16 22:40:53 kernel: [   33.640262]     fixmap  : 0xfff4b000 - 0xfffff000   ( 720 kB)
Mar 16 22:40:53 kernel: [   33.640264]     pkmap   : 0xff800000 - 0xffc00000   (4096 kB)
Mar 16 22:40:53 kernel: [   33.640266]     vmalloc : 0xeb000000 - 0xff7fe000   ( 327 MB)
Mar 16 22:40:53 kernel: [   33.640268]     lowmem  : 0xc0000000 - 0xea400000   ( 676 MB)
Mar 16 22:40:53 kernel: [   33.640270]       .init : 0xc041b000 - 0xc0476000   ( 364 kB)
Mar 16 22:40:53 kernel: [   33.640272]       .data : 0xc031b5a4 - 0xc0414dc4   ( 998 kB)
Mar 16 22:40:53 kernel: [   33.640274]       .text : 0xc0100000 - 0xc031b5a4   (2157 kB)
Mar 16 22:40:53 kernel: [   33.640278] Checking if this processor honours the WP bit even in supervisor mode... Ok.
Mar 16 22:40:53 kernel: [   33.640524] SLUB: Genslabs=11, HWalign=64, Order=0-1, MinObjects=4, CPUs=2, Nodes=1
Mar 16 22:40:53 kernel: [   33.720097] Calibrating delay using timer specific routine.. 4554.20 BogoMIPS (lpj=9108409)
Mar 16 22:40:53 kernel: [   33.720219] Security Framework initialized
Mar 16 22:40:53 kernel: [   33.720228] SELinux:  Disabled at boot.
Mar 16 22:40:53 kernel: [   33.720291] AppArmor: AppArmor initialized
Mar 16 22:40:53 kernel: [   33.720298] Failure registering capabilities with primary security module.
Mar 16 22:40:53 kernel: [   33.720313] Mount-cache hash table entries: 512
Mar 16 22:40:53 kernel: [   33.720737] CPU: After generic identify, caps: 0febfbff 20100000 00000000 00000000 80082201 00000000 00000001 00000000
Mar 16 22:40:53 kernel: [   33.720756] CPU: L1 I cache: 32K, L1 D cache: 32K
Mar 16 22:40:53 kernel: [   33.720759] CPU: L2 cache: 6144K
Mar 16 22:40:53 kernel: [   33.720767] CPU: After all inits, caps: 0febfbff 20100000 00000000 00003940 80082201 00000000 00000001 00000000
Mar 16 22:40:53 kernel: [   33.720795] Compat vDSO mapped to ffffe000.
Mar 16 22:40:53 kernel: [   33.720857] Checking 'hlt' instruction... OK.
Mar 16 22:40:53 kernel: [   33.736033] SMP alternatives: switching to UP code
Mar 16 22:40:53 kernel: [   33.743875] Early unpacking initramfs... done
Mar 16 22:40:53 kernel: [   33.879178] ACPI: Core revision 20070126
Mar 16 22:40:53 kernel: [   33.879405] ACPI: Looking for DSDT in initramfs... error, file /DSDT.aml not found.
Mar 16 22:40:53 kernel: [   33.883372] CPU0: Intel(R) Core(TM)2 Duo CPU     P9300  @ 2.26GHz stepping 06
Mar 16 22:40:53 kernel: [   33.883655] SMP alternatives: switching to SMP code
Mar 16 22:40:53 kernel: [   33.883779] Booting processor 1/1 eip 3000
Mar 16 22:40:53 kernel: [   33.898366] Initializing CPU#1
Mar 16 22:40:53 kernel: [   33.974605] Calibrating delay using timer specific routine.. 4827.31 BogoMIPS (lpj=9654638)
Mar 16 22:40:53 kernel: [   33.974655] CPU: After generic identify, caps: 0febfbff 20100000 00000000 00000000 80082201 00000000 00000001 00000000
Mar 16 22:40:53 kernel: [   33.974671] CPU: L1 I cache: 32K, L1 D cache: 32K
Mar 16 22:40:53 kernel: [   33.974673] CPU: L2 cache: 6144K
Mar 16 22:40:53 kernel: [   33.974682] CPU: After all inits, caps: 0febfbff 20100000 00000000 00003940 80082201 00000000 00000001 00000000
Mar 16 22:40:53 kernel: [   33.976504] CPU1: Intel(R) Core(TM)2 Duo CPU     P9300  @ 2.26GHz stepping 06
Mar 16 22:40:53 kernel: [   33.976777] Total of 2 processors activated (9381.52 BogoMIPS).
Mar 16 22:40:53 kernel: [   33.977168] ENABLING IO-APIC IRQs
Mar 16 22:40:53 kernel: [   33.977652] ..TIMER: vector=0x31 apic1=0 pin1=2 apic2=-1 pin2=-1
Mar 16 22:40:53 kernel: [   34.121558] checking TSC synchronization [CPU#0 -> CPU#1]: passed.
Mar 16 22:40:53 kernel: [   34.144955] Brought up 2 CPUs
Mar 16 22:40:53 kernel: [   34.145226] CPU0 attaching sched-domain:
Mar 16 22:40:53 kernel: [   34.145234]  domain 0: span 03
Mar 16 22:40:53 kernel: [   34.145237]   groups: 01 02
Mar 16 22:40:53 kernel: [   34.145243] CPU1 attaching sched-domain:
Mar 16 22:40:53 kernel: [   34.145245]  domain 0: span 03
Mar 16 22:40:53 kernel: [   34.145248]   groups: 02 01
Mar 16 22:40:53 kernel: [   34.145686] net_namespace: 64 bytes
Mar 16 22:40:53 kernel: [   34.145701] Booting paravirtualized kernel on bare hardware
Mar 16 22:40:53 kernel: [   34.146052] Time: 22:40:51  Date: 03/16/10
Mar 16 22:40:53 kernel: [   34.146082] NET: Registered protocol family 16
Mar 16 22:40:53 kernel: [   34.146607] EISA bus registered
Mar 16 22:40:53 kernel: [   34.146620] ACPI: bus type pci registered
Mar 16 22:40:53 kernel: [   34.146876] PCI: PCI BIOS revision 2.10 entry at 0xfd8a0, last bus=34
Mar 16 22:40:53 kernel: [   34.146880] PCI: Using configuration type 1
Mar 16 22:40:53 kernel: [   34.146885] Setting up standard PCI resources
Mar 16 22:40:53 kernel: [   34.149379] ACPI: EC: Look up EC in DSDT
Mar 16 22:40:53 kernel: [   34.189739] ACPI: BIOS _OSI(Linux) query ignored
Mar 16 22:40:53 kernel: [   34.189758] ACPI: DMI System Vendor: VMware, Inc.
Mar 16 22:40:53 kernel: [   34.189760] ACPI: DMI Product Name: VMware Virtual Platform
Mar 16 22:40:53 kernel: [   34.189763] ACPI: DMI Product Version: None
Mar 16 22:40:53 kernel: [   34.189765] ACPI: DMI Board Name: 440BX Desktop Reference Platform
Mar 16 22:40:53 kernel: [   34.189768] ACPI: DMI BIOS Vendor: Phoenix Technologies LTD
Mar 16 22:40:53 kernel: [   34.189771] ACPI: DMI BIOS Date: 09/18/2009
Mar 16 22:40:53 kernel: [   34.189773] ACPI: Please send DMI info above to linux-acpi@vger.kernel.org
Mar 16 22:40:53 kernel: [   34.189776] ACPI: If "acpi_osi=Linux" works better, please notify linux-acpi@vger.kernel.org
Mar 16 22:40:53 kernel: [   34.190424] ACPI: Interpreter enabled
Mar 16 22:40:53 kernel: [   34.190433] ACPI: (supports S0 S1 S4 S5)
Mar 16 22:40:53 kernel: [   34.190460] ACPI: Using IOAPIC for interrupt routing
Mar 16 22:40:53 kernel: [   34.247356] ACPI: PCI Root Bridge [PCI0] (0000:00)
Mar 16 22:40:53 kernel: [   34.250004] PCI quirk: region 1000-103f claimed by PIIX4 ACPI
Mar 16 22:40:53 kernel: [   34.250022] PCI quirk: region 1040-104f claimed by PIIX4 SMB
Mar 16 22:40:53 kernel: [   34.269859] PCI: Transparent bridge - 0000:00:11.0
Mar 16 22:40:53 kernel: [   34.308741] ACPI: PCI Interrupt Routing Table [\_SB_.PCI0._PRT]
Mar 16 22:40:53 kernel: [   34.582593] ACPI: PCI Interrupt Link [LNKA] (IRQs 3 4 5 6 7 *9 10 11 14 15)
Mar 16 22:40:53 kernel: [   34.582793] ACPI: PCI Interrupt Link [LNKB] (IRQs 3 4 5 6 7 9 10 *11 14 15)
Mar 16 22:40:53 kernel: [   34.582966] ACPI: PCI Interrupt Link [LNKC] (IRQs 3 4 5 6 7 9 *10 11 14 15)
Mar 16 22:40:53 kernel: [   34.583148] ACPI: PCI Interrupt Link [LNKD] (IRQs 3 4 *5 6 7 9 10 11 14 15)
Mar 16 22:40:53 kernel: [   34.583378] Linux Plug and Play Support v0.97 (c) Adam Belay
Mar 16 22:40:53 kernel: [   34.583432] pnp: PnP ACPI init
Mar 16 22:40:53 kernel: [   34.583443] ACPI: bus type pnp registered
Mar 16 22:40:53 kernel: [   34.648521] pnp: PnP ACPI: found 13 devices
Mar 16 22:40:53 kernel: [   34.648532] ACPI: ACPI bus type pnp unregistered
Mar 16 22:40:53 kernel: [   34.648571] PnPBIOS: Disabled by ACPI PNP
Mar 16 22:40:53 kernel: [   34.649219] PCI: Using ACPI for IRQ routing
Mar 16 22:40:53 kernel: [   34.649228] PCI: If a device doesn't work, try "pci=routeirq".  If it helps, post a report
Mar 16 22:40:53 kernel: [   35.136973] NET: Registered protocol family 8
Mar 16 22:40:53 kernel: [   35.136973] NET: Registered protocol family 20
Mar 16 22:40:53 kernel: [   35.136973] AppArmor: AppArmor Filesystem Enabled
Mar 16 22:40:53 kernel: [   35.140941] Time: tsc clocksource has been installed.
Mar 16 22:40:53 kernel: [   35.148877] system 00:01: ioport range 0x1000-0x103f has been reserved
Mar 16 22:40:53 kernel: [   35.148877] system 00:01: ioport range 0x1040-0x104f has been reserved
Mar 16 22:40:53 kernel: [   35.148877] system 00:01: ioport range 0xcf0-0xcf1 has been reserved
Mar 16 22:40:53 kernel: [   35.148877] system 00:0c: ioport range 0x1060-0x107f has been reserved
Mar 16 22:40:53 kernel: [   35.148877] system 00:0c: iomem range 0xe0000000-0xefffffff could not be reserved
Mar 16 22:40:53 kernel: [   35.148877] system 00:0c: iomem range 0xdbe00000-0xdbffffff has been reserved
Mar 16 22:40:53 kernel: [   35.179705] PCI: Bridge: 0000:00:01.0
Mar 16 22:40:53 kernel: [   35.179710]   IO window: disabled.
Mar 16 22:40:53 kernel: [   35.179751]   MEM window: disabled.
Mar 16 22:40:53 kernel: [   35.179778]   PREFETCH window: disabled.
Mar 16 22:40:53 kernel: 0:00:11.0
Mar 16 22:40:53 kernel: [   35.179883]   IO window: 2000-3fff
Mar 16 22:40:53 kernel: [   35.179925]   MEM window: d8900000-d9cfffff
Mar 16 22:40:53 kernel: [   35.179952]   PREFETCH window: dc400000-dc9fffff
Mar 16 22:40:53 kernel: [   35.179991] PCI: Bridge: 0000:00:15.0
Mar 16 22:40:53 kernel: [   35.180007]   IO window: 4000-4fff
Mar 16 22:40:53 kernel: [   35.180045]   MEM window: d9d00000-d9dfffff
Mar 16 22:40:53 kernel: [   35.180072]   PREFETCH window: dca00000-dcafffff
Mar 16 22:40:53 kernel: [   35.180161] PCI: Bridge: 0000:00:15.1
Mar 16 22:40:53 kernel: [   35.180177]   IO window: 8000-8fff
Mar 16 22:40:53 kernel: [   35.180216]   MEM window: da100000-da1fffff
Mar 16 22:40:53 kernel: [   35.180243]   PREFETCH window: dce00000-dcefffff
Mar 16 22:40:53 kernel: [   35.180294] PCI: Bridge: 0000:00:15.2
Mar 16 22:40:53 kernel: [   35.180316]   IO window: c000-cfff
Mar 16 22:40:53 kernel: [   35.180356]   MEM window: da500000-da5fffff
Mar 16 22:40:53 kernel: [   35.180382]   PREFETCH window: dd200000-dd2fffff
Mar 16 22:40:53 kernel: [   35.180434] PCI: Bridge: 0000:00:15.3
Mar 16 22:40:53 kernel: [   35.180436]   IO window: disabled.
Mar 16 22:40:53 kernel: [   35.180476]   MEM window: da900000-da9fffff
Mar 16 22:40:53 kernel: [   35.180730]   PREFETCH window: dd600000-dd6fffff
Mar 16 22:40:53 kernel: [   35.180786] PCI: Bridge: 0000:00:15.4
Mar 16 22:40:53 kernel: [   35.180789]   IO window: disabled.
Mar 16 22:40:53 kernel: [   35.180829]   MEM window: dad00000-dadfffff
Mar 16 22:40:53 kernel: [   35.180855]   PREFETCH window: dda00000-ddafffff
Mar 16 22:40:53 kernel: [   35.180911] PCI: Bridge: 0000:00:15.5
Mar 16 22:40:53 kernel: [   35.180914]   IO window: disabled.
Mar 16 22:40:53 kernel: [   35.180962]   MEM window: db100000-db1fffff
Mar 16 22:40:53 kernel: [   35.180989]   PREFETCH window: dde00000-ddefffff
Mar 16 22:40:53 kernel: [   35.181069] PCI: Bridge: 0000:00:15.6
Mar 16 22:40:53 kernel: [   35.181071]   IO window: disabled.
Mar 16 22:40:53 kernel: [   35.181111]   MEM window: db500000-db5fffff
Mar 16 22:40:53 kernel: [   35.181137]   PREFETCH window: de200000-de2fffff
Mar 16 22:40:53 kernel: [   35.181188] PCI: Bridge: 0000:00:15.7
Mar 16 22:40:53 kernel: [   35.181190]   IO window: disabled.
Mar 16 22:40:53 kernel: [   35.181230]   MEM window: db900000-db9fffff
Mar 16 22:40:53 kernel: [   35.181255]   PREFETCH window: de600000-de6fffff
Mar 16 22:40:53 kernel: [   35.181307] PCI: Bridge: 0000:00:16.0
Mar 16 22:40:53 kernel: [   35.181323]   IO window: 5000-5fff
Mar 16 22:40:53 kernel: [   35.181363]   MEM window: d9e00000-d9efffff
Mar 16 22:40:53 kernel: [   35.181389]   PREFETCH window: dcb00000-dcbfffff
Mar 16 22:40:53 kernel: [   35.181441] PCI: Bridge: 0000:00:16.1
Mar 16 22:40:53 kernel: [   35.181457]   IO window: 9000-9fff
Mar 16 22:40:53 kernel: [   35.181497]   MEM window: da200000-da2fffff
Mar 16 22:40:53 kernel: [   35.181523]   PREFETCH window: dcf00000-dcffffff
Mar 16 22:40:53 kernel: [   35.181575] PCI: Bridge: 0000:00:16.2
Mar 16 22:40:53 kernel: [   35.184673]   IO window: d000-dfff
Mar 16 22:40:53 kernel: [   35.184718]   MEM window: da600000-da6fffff
Mar 16 22:40:53 kernel: [   35.184745]   PREFETCH window: dd300000-dd3fffff
Mar 16 22:40:53 kernel: [   35.184821] PCI: Bridge: 0000:00:16.3
Mar 16 22:40:53 kernel: [   35.184824]   IO window: disabled.
Mar 16 22:40:53 kernel: [   35.184923]   MEM window: daa00000-daafffff
Mar 16 22:40:53 kernel: [   35.184953]   PREFETCH window: dd700000-dd7fffff
Mar 16 22:40:53 kernel: [   35.185009] PCI: Bridge: 0000:00:16.4
Mar 16 22:40:53 kernel: [   35.185011]   IO window: disabled.
Mar 16 22:40:53 kernel: [   35.185051]   MEM window: dae00000-daefffff
Mar 16 22:40:53 kernel: [   35.185078]   PREFETCH window: ddb00000-ddbfffff
Mar 16 22:40:53 kernel: [   35.185130] PCI: Bridge: 0000:00:16.5
Mar 16 22:40:53 kernel: [   35.185132]   IO window: disabled.
Mar 16 22:40:53 kernel: [   35.185172]   MEM window: db200000-db2fffff
Mar 16 22:40:53 kernel: [   35.185198]   PREFETCH window: ddf00000-ddffffff
Mar 16 22:40:53 kernel: [   35.185250] PCI: Bridge: 0000:00:16.6
Mar 16 22:40:53 kernel: [   35.185252]   IO window: disabled.
Mar 16 22:40:53 kernel: [   35.185292]   MEM window: db600000-db6fffff
Mar 16 22:40:53 kernel: [   35.185318]   PREFETCH window: de300000-de3fffff
Mar 16 22:40:53 kernel: [   35.185408] PCI: Bridge: 0000:00:16.7
Mar 16 22:40:53 kernel: [   35.185411]   IO window: disabled.
Mar 16 22:40:53 kernel: [   35.185454]   MEM window: dba00000-dbafffff
Mar 16 22:40:53 kernel: [   35.185480]   PREFETCH window: de700000-de7fffff
Mar 16 22:40:53 kernel: [   35.185538] PCI: Bridge: 0000:00:17.0
Mar 16 22:40:53 kernel: [   35.185557]   IO window: 6000-6fff
Mar 16 22:40:53 kernel: [   35.185595]   MEM window: d9f00000-d9ffffff
Mar 16 22:40:53 kernel: [   35.185622]   PREFETCH window: dcc00000-dccfffff
Mar 16 22:40:53 kernel: [   35.185675] PCI: Bridge: 0000:00:17.1
Mar 16 22:40:53 kernel: [   35.185692]   IO window: a000-afff
Mar 16 22:40:53 kernel: [   35.185731]   MEM window: da300000-da3fffff
Mar 16 22:40:53 kernel: [   35.185757]   PREFETCH window: dd000000-dd0fffff
Mar 16 22:40:53 kernel: [   35.185810] PCI: Bridge: 0000:00:17.2
Mar 16 22:40:53 kernel: [   35.185826]   IO window: e000-efff
Mar 16 22:40:53 kernel: [   35.185921]   MEM window: da700000-da7fffff
Mar 16 22:40:53 kernel: [   35.185948]   PREFETCH window: dd400000-dd4fffff
Mar 16 22:40:53 kernel: [   35.186014] PCI: Bridge: 0000:00:17.3
Mar 16 22:40:53 kernel: [   35.186016]   IO window: disabled.
Mar 16 22:40:53 kernel: [   35.186056]   MEM window: dab00000-dabfffff
Mar 16 22:40:53 kernel: [   35.186082]   PREFETCH window: dd800000-dd8fffff
Mar 16 22:40:53 kernel: [   35.186138] PCI: Bridge: 0000:00:17.4
Mar 16 22:40:53 kernel: [   35.186140]   IO window: disabled.
Mar 16 22:40:53 kernel: [   35.186179]   MEM window: daf00000-daffffff
Mar 16 22:40:53 kernel:   35.186206]   PREFETCH window: ddc00000-ddcfffff
Mar 16 22:40:53 kernel: [   35.186296] PCI: Bridge: 0000:00:17.5
Mar 16 22:40:53 kernel: [   35.186299]   IO window: disabled.
Mar 16 22:40:53 kernel: [   35.186390]   MEM window: db300000-db3fffff
Mar 16 22:40:53 kernel: [   35.186418]   PREFETCH window: de000000-de0fffff
Mar 16 22:40:53 kernel: [   35.186474] PCI: Bridge: 0000:00:17.6
Mar 16 22:40:53 kernel: [   35.186476]   IO window: disabled.
Mar 16 22:40:53 kernel: [   35.186515]   MEM window: db700000-db7fffff
Mar 16 22:40:53 kernel: [   35.186542]   PREFETCH window: de400000-de4fffff
Mar 16 22:40:53 kernel: [   35.186595] PCI: Bridge: 0000:00:17.7
Mar 16 22:40:53 kernel: [   35.186597]   IO window: disabled.
Mar 16 22:40:53 kernel: [   35.186638]   MEM window: dbb00000-dbbfffff
Mar 16 22:40:53 kernel: [   35.186675]   PREFETCH window: de800000-de8fffff
Mar 16 22:40:53 kernel: [   35.186727] PCI: Bridge: 0000:00:18.0
Mar 16 22:40:53 kernel: [   35.186745]   IO window: 7000-7fff
Mar 16 22:40:53 kernel: [   35.186783]   MEM window: da000000-da0fffff
Mar 16 22:40:53 kernel: [   35.186811]   PREFETCH window: dcd00000-dcdfffff
Mar 16 22:40:53 kernel: [   35.186862] PCI: Bridge: 0000:00:18.1
Mar 16 22:40:53 kernel: [   35.186879]   IO window: b000-bfff
Mar 16 22:40:53 kernel: [   35.186970]   MEM window: da400000-da4fffff
Mar 16 22:40:53 kernel: [   35.186997]   PREFETCH window: dd100000-dd1fffff
Mar 16 22:40:53 kernel: [   35.187054] PCI: Bridge: 0000:00:18.2
Mar 16 22:40:53 kernel: [   35.187070]   IO window: f000-ffff
Mar 16 22:40:53 kernel: [   35.187163]   MEM window: da800000-da8fffff
Mar 16 22:40:53 kernel: [   35.187191]   PREFETCH window: dd500000-dd5fffff
Mar 16 22:40:53 kernel: [   35.187249] PCI: Bridge: 0000:00:18.3
Mar 16 22:40:53 kernel: [   35.187252]   IO window: disabled.
Mar 16 22:40:53 kernel: [   35.187293]   MEM window: dac00000-dacfffff
Mar 16 22:40:53 kernel: [   35.187319]   PREFETCH window: dd900000-dd9fffff
Mar 16 22:40:53 kernel: [   35.187370] PCI: Bridge: 0000:00:18.4
Mar 16 22:40:53 kernel: [   35.187373]   IO window: disabled.
Mar 16 22:40:53 kernel: [   35.187473]   MEM window: db000000-db0fffff
Mar 16 22:40:53 kernel: [   35.187503]   PREFETCH window: ddd00000-dddfffff
Mar 16 22:40:53 kernel: [   35.187559] PCI: Bridge: 0000:00:18.5
Mar 16 22:40:53 kernel: [   35.187561]   IO window: disabled.
Mar 16 22:40:53 kernel: [   35.187600]   MEM window: db400000-db4fffff
Mar 16 22:40:53 kernel: [   35.187627]   PREFETCH window: de100000-de1fffff
Mar 16 22:40:53 kernel: [   35.187680] PCI: Bridge: 0000:00:18.6
Mar 16 22:40:53 kernel: [   35.187682]   IO window: disabled.
Mar 16 22:40:53 kernel: [   35.187744]   MEM window: db800000-db8fffff
Mar 16 22:40:53 kernel: [   35.187771]   PREFETCH window: de500000-de5fffff
Mar 16 22:40:53 kernel: [   35.187825] PCI: Bridge: 0000:00:18.7
Mar 16 22:40:53 kernel: [   35.187827]   IO window: disabled.
Mar 16 22:40:53 kernel: [   35.187868]   MEM window: dbc00000-dbcfffff
Mar 16 22:40:53 kernel: [   35.187894]   PREFETCH window: de900000-de9fffff
Mar 16 22:40:53 kernel: [   35.188022] PCI: Setting latency timer of device 0000:00:01.0 to 64
Mar 16 22:40:53 kernel: [   35.188836] PCI: Setting latency timer of device 0000:00:15.0 to 64
Mar 16 22:40:53 kernel: [   35.188988] PCI: Setting latency timer of device 0000:00:15.1 to 64
Mar 16 22:40:53 kernel: [   35.189139] PCI: Setting latency timer of device 0000:00:15.2 to 64
Mar 16 22:40:53 kernel: [   35.189387] PCI: Setting latency timer of device 0000:00:15.3 to 64
Mar 16 22:40:53 kernel: [   35.189596] PCI: Setting latency timer of device 0000:00:15.4 to 64
Mar 16 22:40:53 kernel: [   35.189747] PCI: Setting latency timer of device 0000:00:15.5 to 64
Mar 16 22:40:53 kernel: [   35.189951] PCI: Setting latency timer of device 0000:00:15.6 to 64
Mar 16 22:40:53 kernel: [   35.190103] PCI: Setting latency timer of device 0000:00:15.7 to 64
Mar 16 22:40:53 kernel: [   35.190252] PCI: Setting latency timer of device 0000:00:16.0 to 64
Mar 16 22:40:53 kernel: [   35.190401] PCI: Setting latency timer of device 0000:00:16.1 to 64
Mar 16 22:40:53 kernel: [   35.190602] PCI: Setting latency timer of device 0000:00:16.2 to 64
Mar 16 22:40:53 kernel: [   35.190755] PCI: Setting latency timer of device 0000:00:16.3 to 64
Mar 16 22:40:53 kernel: [   35.190908] PCI: Setting latency timer of device 0000:00:16.4 to 64
Mar 16 22:40:53 kernel: [   35.191071] PCI: Setting latency timer of device 0000:00:16.5 to 64
Mar 16 22:40:53 kernel: [   35.191222] PCI: Setting latency timer of device 0000:00:16.6 to 64
Mar 16 22:40:53 kernel: [   35.191372] PCI: Setting latency timer of device 0000:00:16.7 to 64
Mar 16 22:40:53 kernel: [   35.191521] PCI: Setting latency timer of device 0000:00:17.0 to 64
Mar 16 22:40:53 kernel: [   35.191670] PCI: Setting latency timer of device 0000:00:17.1 to 64
Mar 16 22:40:53 kernel: [   35.191832] PCI: Setting latency timer of device 0000:00:17.2 to 64
Mar 16 22:40:53 kernel: [   35.191983] PCI: Setting latency timer of device 0000:00:17.3 to 64
Mar 16 22:40:53 kernel: [   35.192132] PCI: Setting latency timer of device 0000:00:17.4 to 64
Mar 16 22:40:53 kernel: [   35.192282] PCI: Setting latency timer of device 0000:00:17.5 to 64
Mar 16 22:40:53 kernel: [   35.192444] PCI: Setting latency timer of device 0000:00:17.6 to 64
Mar 16 22:40:53 kernel: [   35.192676] PCI: Setting latency timer of device 0000:00:17.7 to 64
Mar 16 22:40:53 kernel: [   35.192863] PCI: Setting latency timer of device 0000:00:18.0 to 64
Mar 16 22:40:53 kernel: atency timer of device 0000:00:18.1 to 64
Mar 16 22:40:53 kernel: [   35.193179] PCI: Setting latency timer of device 0000:00:18.2 to 64
Mar 16 22:40:53 kernel: [   35.193330] PCI: Setting latency timer of device 0000:00:18.3 to 64
Mar 16 22:40:53 kernel: [   35.193534] PCI: Setting latency timer of device 0000:00:18.4 to 64
Mar 16 22:40:53 kernel: [   35.193703] PCI: Setting latency timer of device 0000:00:18.5 to 64
Mar 16 22:40:53 kernel: [   35.193852] PCI: Setting latency timer of device 0000:00:18.6 to 64
Mar 16 22:40:53 kernel: [   35.194002] PCI: Setting latency timer of device 0000:00:18.7 to 64
Mar 16 22:40:53 kernel: [   35.194046] NET: Registered protocol family 2
Mar 16 22:40:53 kernel: [   35.232211] IP route cache hash table entries: 32768 (order: 5, 131072 bytes)
Mar 16 22:40:53 kernel: [   35.232211] TCP established hash table entries: 131072 (order: 8, 1048576 bytes)
Mar 16 22:40:53 kernel: [   35.236025] TCP bind hash table entries: 65536 (order: 7, 524288 bytes)
Mar 16 22:40:53 kernel: [   35.238575] TCP: Hash tables configured (established 131072 bind 65536)
Mar 16 22:40:53 kernel: [   35.238581] TCP reno registered
Mar 16 22:40:53 kernel: [   35.248281] checking if image is initramfs... it is
Mar 16 22:40:53 kernel: [   35.676850] Switched to high resolution mode on CPU 1
Mar 16 22:40:53 kernel: [   35.677476] Switched to high resolution mode on CPU 0
Mar 16 22:40:53 kernel: [   35.693823] Freeing initrd memory: 5179k freed
Mar 16 22:40:53 kernel: [   35.694068] Simple Boot Flag at 0x36 set to 0x1
Mar 16 22:40:53 kernel: [   35.699010] audit: initializing netlink socket (disabled)
Mar 16 22:40:53 kernel: [   35.699063] audit(1268779249.948:1): initialized
Mar 16 22:40:53 kernel: [   35.706883] VFS: Disk quotas dquot_6.5.1
Mar 16 22:40:53 kernel: [   35.707055] Dquot-cache hash table entries: 1024 (order 0, 4096 bytes)
Mar 16 22:40:53 kernel: [   35.707846] io scheduler noop registered
Mar 16 22:40:53 kernel: [   35.707899] io scheduler anticipatory registered
Mar 16 22:40:53 kernel: [   35.707952] io scheduler deadline registered
Mar 16 22:40:53 kernel: [   35.708005] io scheduler cfq registered (default)
Mar 16 22:40:53 kernel: [   35.708057] Limiting direct PCI/PCI transfers.
Mar 16 22:40:53 kernel: [   35.708163] Boot video device is 0000:00:0f.0
Mar 16 22:40:53 kernel: [   35.709270] PCI: Setting latency timer of device 0000:00:15.0 to 64
Mar 16 22:40:53 kernel: [   35.710735] assign_interrupt_mode Found MSI capability
Mar 16 22:40:53 kernel: [   35.712053] Allocate Port Service[0000:00:15.0:pcie00]
Mar 16 22:40:53 kernel: [   35.712636] Allocate Port Service[0000:00:15.0:pcie02]
Mar 16 22:40:53 kernel: [   35.713515] PCI: Setting latency timer of device 0000:00:15.1 to 64
Mar 16 22:40:53 kernel: [   35.716601] assign_interrupt_mode Found MSI capability
Mar 16 22:40:53 kernel: [   35.717134] Allocate Port Service[0000:00:15.1:pcie00]
Mar 16 22:40:53 kernel: [   35.717216] Allocate Port Service[0000:00:15.1:pcie02]
Mar 16 22:40:53 kernel: [   35.718883] PCI: Setting latency timer of device 0000:00:15.2 to 64
Mar 16 22:40:53 kernel: [   35.720254] assign_interrupt_mode Found MSI capability
Mar 16 22:40:53 kernel: [   35.720708] Allocate Port Service[0000:00:15.2:pcie00]
Mar 16 22:40:53 kernel: [   35.720776] Allocate Port Service[0000:00:15.2:pcie02]
Mar 16 22:40:53 kernel: [   35.721523] PCI: Setting latency timer of device 0000:00:15.3 to 64
Mar 16 22:40:53 kernel: [   35.723151] assign_interrupt_mode Found MSI capability
Mar 16 22:40:53 kernel: [   35.724469] Allocate Port Service[0000:00:15.3:pcie00]
Mar 16 22:40:53 kernel: [   35.724664] Allocate Port Service[0000:00:15.3:pcie02]
Mar 16 22:40:53 kernel: [   35.725410] PCI: Setting latency timer of device 0000:00:15.4 to 64
Mar 16 22:40:53 kernel: [   35.726965] assign_interrupt_mode Found MSI capability
Mar 16 22:40:53 kernel: [   35.728283] Allocate Port Service[0000:00:15.4:pcie00]
Mar 16 22:40:53 kernel: [   35.728645] Allocate Port Service[0000:00:15.4:pcie02]
Mar 16 22:40:53 kernel: [   35.729449] PCI: Setting latency timer of device 0000:00:15.5 to 64
Mar 16 22:40:53 kernel: [   35.731068] assign_interrupt_mode Found MSI capability
Mar 16 22:40:53 kernel: [   35.732386] Allocate Port Service[0000:00:15.5:pcie00]
Mar 16 22:40:53 kernel: [   35.732656] Allocate Port Service[0000:00:15.5:pcie02]
Mar 16 22:40:53 kernel: [   35.733431] PCI: Setting latency timer of device 0000:00:15.6 to 64
Mar 16 22:40:53 kernel: [   35.734961] assign_interrupt_mode Found MSI capability
Mar 16 22:40:53 kernel: [   35.736279] Allocate Port Service[0000:00:15.6:pcie00]
Mar 16 22:40:53 kernel: [   35.736653] Allocate Port Service[0000:00:15.6:pcie02]
Mar 16 22:40:53 kernel: [   35.737424] PCI: Setting latency timer of device 0000:00:15.7 to 64
Mar 16 22:40:53 kernel: [   35.738932] assign_interrupt_mode Found MSI capability
Mar 16 22:40:53 kernel: [   35.740251] Allocate Port Service[0000:00:15.7:pcie00]
Mar 16 22:40:53 kernel: [   35.740638] Allocate Port Service[0000:00:15.7:pcie02]
Mar 16 22:40:53 kernel: [   35.741403] PCI: Setting latency timer of device 0000:00:16.0 to 64
Mar 16 22:40:53 kernel: [   35.742930] assign_interrupt_mode Found MSI capability
Mar 16 22:40:53 kernel: [   35.744249] Allocate Port Service[0000:00:16.0:pcie00]
Mar 16 22:40:53 kernel: [   35.744635] Allocate Port Service[0000:00:16.0:pcie02]
Mar 16 22:40:53 kernel:  timer of device 0000:00:16.1 to 64
Mar 16 22:40:53 kernel: [   35.748741] assign_interrupt_mode Found MSI capability
Mar 16 22:40:53 kernel: [   35.750207] Allocate Port Service[0000:00:16.1:pcie00]
Mar 16 22:40:53 kernel: [   35.750840] Allocate Port Service[0000:00:16.1:pcie02]
Mar 16 22:40:53 kernel: [   35.752553] PCI: Setting latency timer of device 0000:00:16.2 to 64
Mar 16 22:40:53 kernel: [   35.753046] assign_interrupt_mode Found MSI capability
Mar 16 22:40:53 kernel: [   35.754080] Allocate Port Service[0000:00:16.2:pcie00]
Mar 16 22:40:53 kernel: [   35.754713] Allocate Port Service[0000:00:16.2:pcie02]
Mar 16 22:40:53 kernel: [   35.756733] PCI: Setting latency timer of device 0000:00:16.3 to 64
Mar 16 22:40:53 kernel: [   35.757333] assign_interrupt_mode Found MSI capability
Mar 16 22:40:53 kernel: [   35.758685] Allocate Port Service[0000:00:16.3:pcie00]
Mar 16 22:40:53 kernel: [   35.759318] Allocate Port Service[0000:00:16.3:pcie02]
Mar 16 22:40:53 kernel: [   35.761366] PCI: Setting latency timer of device 0000:00:16.4 to 64
Mar 16 22:40:53 kernel: [   35.762036] assign_interrupt_mode Found MSI capability
Mar 16 22:40:53 kernel: [   35.762657] Allocate Port Service[0000:00:16.4:pcie00]
Mar 16 22:40:53 kernel: [   35.762737] Allocate Port Service[0000:00:16.4:pcie02]
Mar 16 22:40:53 kernel: [   35.764277] PCI: Setting latency timer of device 0000:00:16.5 to 64
Mar 16 22:40:53 kernel: [   35.765176] assign_interrupt_mode Found MSI capability
Mar 16 22:40:53 kernel: [   35.766417] Allocate Port Service[0000:00:16.5:pcie00]
Mar 16 22:40:53 kernel: [   35.767050] Allocate Port Service[0000:00:16.5:pcie02]
Mar 16 22:40:53 kernel: [   35.768880] PCI: Setting latency timer of device 0000:00:16.6 to 64
Mar 16 22:40:53 kernel: [   35.769479] assign_interrupt_mode Found MSI capability
Mar 16 22:40:53 kernel: [   35.772892] Allocate Port Service[0000:00:16.6:pcie00]
Mar 16 22:40:53 kernel: [   35.772959] Allocate Port Service[0000:00:16.6:pcie02]
Mar 16 22:40:53 kernel: [   35.774281] PCI: Setting latency timer of device 0000:00:16.7 to 64
Mar 16 22:40:53 kernel: [   35.775652] assign_interrupt_mode Found MSI capability
Mar 16 22:40:53 kernel: [   35.776793] Allocate Port Service[0000:00:16.7:pcie00]
Mar 16 22:40:53 kernel: [   35.776884] Allocate Port Service[0000:00:16.7:pcie02]
Mar 16 22:40:53 kernel: [   35.778174] PCI: Setting latency timer of device 0000:00:17.0 to 64
Mar 16 22:40:53 kernel: [   35.779545] assign_interrupt_mode Found MSI capability
Mar 16 22:40:53 kernel: [   35.780739] Allocate Port Service[0000:00:17.0:pcie00]
Mar 16 22:40:53 kernel: [   35.780794] Allocate Port Service[0000:00:17.0:pcie02]
Mar 16 22:40:53 kernel: [   35.781554] PCI: Setting latency timer of device 0000:00:17.1 to 64
Mar 16 22:40:53 kernel: [   35.783253] assign_interrupt_mode Found MSI capability
Mar 16 22:40:53 kernel: [   35.784608] Allocate Port Service[0000:00:17.1:pcie00]
Mar 16 22:40:53 kernel: [   35.784667] Allocate Port Service[0000:00:17.1:pcie02]
Mar 16 22:40:53 kernel: [   35.785405] PCI: Setting latency timer of device 0000:00:17.2 to 64
Mar 16 22:40:53 kernel: [   35.786935] assign_interrupt_mode Found MSI capability
Mar 16 22:40:53 kernel: [   35.788253] Allocate Port Service[0000:00:17.2:pcie00]
Mar 16 22:40:53 kernel: [   35.788616] Allocate Port Service[0000:00:17.2:pcie02]
Mar 16 22:40:53 kernel: [   35.789378] PCI: Setting latency timer of device 0000:00:17.3 to 64
Mar 16 22:40:53 kernel: [   35.790880] assign_interrupt_mode Found MSI capability
Mar 16 22:40:53 kernel: [   35.792198] Allocate Port Service[0000:00:17.3:pcie00]
Mar 16 22:40:53 kernel: [   35.792611] Allocate Port Service[0000:00:17.3:pcie02]
Mar 16 22:40:53 kernel: [   35.793351] PCI: Setting latency timer of device 0000:00:17.4 to 64
Mar 16 22:40:53 kernel: [   35.794851] assign_interrupt_mode Found MSI capability
Mar 16 22:40:53 kernel: [   35.796170] Allocate Port Service[0000:00:17.4:pcie00]
Mar 16 22:40:53 kernel: [   35.796611] Allocate Port Service[0000:00:17.4:pcie02]
Mar 16 22:40:53 kernel: [   35.797370] PCI: Setting latency timer of device 0000:00:17.5 to 64
Mar 16 22:40:53 kernel: [   35.798850] assign_interrupt_mode Found MSI capability
Mar 16 22:40:53 kernel: [   35.800829] Allocate Port Service[0000:00:17.5:pcie00]
Mar 16 22:40:53 kernel: [   35.800921] Allocate Port Service[0000:00:17.5:pcie02]
Mar 16 22:40:53 kernel: [   35.803454] PCI: Setting latency timer of device 0000:00:17.6 to 64
Mar 16 22:40:53 kernel: [   35.805098] assign_interrupt_mode Found MSI capability
Mar 16 22:40:53 kernel: [   35.806195] Allocate Port Service[0000:00:17.6:pcie00]
Mar 16 22:40:53 kernel: [   35.806296] Allocate Port Service[0000:00:17.6:pcie02]
Mar 16 22:40:53 kernel: [   35.807070] PCI: Setting latency timer of device 0000:00:17.7 to 64
Mar 16 22:40:53 kernel: [   35.807680] assign_interrupt_mode Found MSI capability
Mar 16 22:40:53 kernel: [   35.808714] Allocate Port Service[0000:00:17.7:pcie00]
Mar 16 22:40:53 kernel: [   35.808787] Allocate Port Service[0000:00:17.7:pcie02]
Mar 16 22:40:53 kernel: [   35.810052] PCI: Setting latency timer of device 0000:00:18.0 to 64
Mar 16 22:40:53 kernel: [   35.811423] assign_interrupt_mode Found MSI capability
Mar 16 22:40:53 kernel: [   35.812675] Allocate Port Service[0000:00:18.0:pcie00]
Mar 16 22:40:53 kernel: [   35.812732] Allocate Port Service[0000:00:18.0:pcie02]
Mar 16 22:40:53 kernel:  Setting latency timer of device 0000:00:18.1 to 64
Mar 16 22:40:53 kernel: [   35.815184] assign_interrupt_mode Found MSI capability
Mar 16 22:40:53 kernel: [   35.816502] Allocate Port Service[0000:00:18.1:pcie00]
Mar 16 22:40:53 kernel: [   35.816630] Allocate Port Service[0000:00:18.1:pcie02]
Mar 16 22:40:53 kernel: [   35.817375] PCI: Setting latency timer of device 0000:00:18.2 to 64
Mar 16 22:40:53 kernel: [   35.818892] assign_interrupt_mode Found MSI capability
Mar 16 22:40:53 kernel: [   35.820210] Allocate Port Service[0000:00:18.2:pcie00]
Mar 16 22:40:53 kernel: [   35.820609] Allocate Port Service[0000:00:18.2:pcie02]
Mar 16 22:40:53 kernel: [   35.821410] PCI: Setting latency timer of device 0000:00:18.3 to 64
Mar 16 22:40:53 kernel: [   35.822969] assign_interrupt_mode Found MSI capability
Mar 16 22:40:53 kernel: [   35.824288] Allocate Port Service[0000:00:18.3:pcie00]
Mar 16 22:40:53 kernel: [   35.824608] Allocate Port Service[0000:00:18.3:pcie02]
Mar 16 22:40:53 kernel: [   35.825353] PCI: Setting latency timer of device 0000:00:18.4 to 64
Mar 16 22:40:53 kernel: [   35.826915] assign_interrupt_mode Found MSI capability
Mar 16 22:40:53 kernel: [   35.828233] Allocate Port Service[0000:00:18.4:pcie00]
Mar 16 22:40:53 kernel: [   35.828603] Allocate Port Service[0000:00:18.4:pcie02]
Mar 16 22:40:53 kernel: [   35.829380] PCI: Setting latency timer of device 0000:00:18.5 to 64
Mar 16 22:40:53 kernel: [   35.830939] assign_interrupt_mode Found MSI capability
Mar 16 22:40:53 kernel: [   35.832257] Allocate Port Service[0000:00:18.5:pcie00]
Mar 16 22:40:53 kernel: [   35.832596] Allocate Port Service[0000:00:18.5:pcie02]
Mar 16 22:40:53 kernel: [   35.833336] PCI: Setting latency timer of device 0000:00:18.6 to 64
Mar 16 22:40:53 kernel: [   35.834831] assign_interrupt_mode Found MSI capability
Mar 16 22:40:53 kernel: [   35.836150] Allocate Port Service[0000:00:18.6:pcie00]
Mar 16 22:40:53 kernel: [   35.836599] Allocate Port Service[0000:00:18.6:pcie02]
Mar 16 22:40:53 kernel: [   35.837381] PCI: Setting latency timer of device 0000:00:18.7 to 64
Mar 16 22:40:53 kernel: [   35.838909] assign_interrupt_mode Found MSI capability
Mar 16 22:40:53 kernel: [   35.840227] Allocate Port Service[0000:00:18.7:pcie00]
Mar 16 22:40:53 kernel: [   35.840589] Allocate Port Service[0000:00:18.7:pcie02]
Mar 16 22:40:53 kernel: [   35.841500] isapnp: Scanning for PnP cards...
Mar 16 22:40:53 kernel: [   36.320854] isapnp: No Plug & Play device found
Mar 16 22:40:53 kernel: [   36.362794] Real Time Clock Driver v1.12ac
Mar 16 22:40:53 kernel: [   36.362978] Serial: 8250/16550 driver $Revision: 1.90 $ 4 ports, IRQ sharing enabled
Mar 16 22:40:53 kernel: [   36.363735] serial8250: ttyS0 at I/O 0x3f8 (irq = 4) is a 16550A
Mar 16 22:40:53 kernel: [   36.364247] serial8250: ttyS1 at I/O 0x2f8 (irq = 3) is a 16550A
Mar 16 22:40:53 kernel: [   36.364363] 00:09: ttyS0 at I/O 0x3f8 (irq = 4) is a 16550A
Mar 16 22:40:53 kernel: [   36.365828] 00:0a: ttyS1 at I/O 0x2f8 (irq = 3) is a 16550A
Mar 16 22:40:53 kernel: [   36.367485] RAMDISK driver initialized: 16 RAM disks of 65536K size 1024 blocksize
Mar 16 22:40:53 kernel: [   36.367572] input: Macintosh mouse button emulation as /devices/virtual/input/input0
Mar 16 22:40:53 kernel: [   36.368275] PNP: PS/2 Controller [PNP0303:KBC,PNP0f13:MOUS] at 0x60,0x64 irq 1,12
Mar 16 22:40:53 kernel: [   37.127264] serio: i8042 KBD port at 0x60,0x64 irq 1
Mar 16 22:40:53 kernel: [   37.128893] serio: i8042 AUX port at 0x60,0x64 irq 12
Mar 16 22:40:53 kernel: [   37.141056] mice: PS/2 mouse device common for all mice
Mar 16 22:40:53 kernel: [   37.141227] EISA: Probing bus 0 at eisa.0
Mar 16 22:40:53 kernel: [   37.141273] Cannot allocate resource for EISA slot 1
Mar 16 22:40:53 kernel: [   37.141276] Cannot allocate resource for EISA slot 2
Mar 16 22:40:53 kernel: [   37.141279] Cannot allocate resource for EISA slot 3
Mar 16 22:40:53 kernel: [   37.141282] Cannot allocate resource for EISA slot 4
Mar 16 22:40:53 kernel: [   37.141284] Cannot allocate resource for EISA slot 5
Mar 16 22:40:53 kernel: [   37.141287] Cannot allocate resource for EISA slot 6
Mar 16 22:40:53 kernel: [   37.141290] Cannot allocate resource for EISA slot 7
Mar 16 22:40:53 kernel: [   37.141293] Cannot allocate resource for EISA slot 8
Mar 16 22:40:53 kernel: [   37.141296] EISA: Detected 0 cards.
Mar 16 22:40:53 kernel: [   37.141299] cpuidle: using governor ladder
Mar 16 22:40:53 kernel: [   37.141302] cpuidle: using governor menu
Mar 16 22:40:53 kernel: [   37.141337] NET: Registered protocol family 1
Mar 16 22:40:53 kernel: [   37.141372] Using IPI No-Shortcut mode
Mar 16 22:40:53 kernel: [   37.141407] registered taskstats version 1
Mar 16 22:40:53 kernel: [   37.141556]   Magic number: 2:650:704
Mar 16 22:40:53 kernel: [   37.141591] BIOS EDD facility v0.16 2004-Jun-25, 0 devices found
Mar 16 22:40:53 kernel: [   37.141594] EDD information not available.
Mar 16 22:40:53 kernel: [   37.141630] Freeing unused kernel memory: 364k freed
Mar 16 22:40:53 kernel: [   37.148883] input: AT Translated Set 2 keyboard as /devices/platform/i8042/serio0/input/input1
Mar 16 22:40:53 kernel: [   37.356920] ACPI: Processor [CP00] (supports 8 throttling states)
Mar 16 22:40:53 kernel: [   37.357313] ACPI: Processor [CP01] (supports 8 throttling states)
Mar 16 22:40:53 kernel: [   37.432328] SCSI subsystem initialized
Mar 16 22:40:53 kernel: 3.00 loaded.
Mar 16 22:40:53 kernel: [   37.440002] ata_piix 0000:00:07.1: version 2.12
Mar 16 22:40:53 kernel: [   37.440481] scsi0 : ata_piix
Mar 16 22:40:53 kernel: [   37.440565] scsi1 : ata_piix
Mar 16 22:40:53 kernel: [   37.440614] ata1: PATA max UDMA/33 cmd 0x1f0 ctl 0x3f6 bmdma 0x10c0 irq 14
Mar 16 22:40:53 kernel: [   37.440618] ata2: PATA max UDMA/33 cmd 0x170 ctl 0x376 bmdma 0x10c8 irq 15
Mar 16 22:40:53 kernel: [   37.500980] usbcore: registered new interface driver usbfs
Mar 16 22:40:53 kernel: [   37.501008] usbcore: registered new interface driver hub
Mar 16 22:40:53 kernel: [   37.501048] usbcore: registered new device driver usb
Mar 16 22:40:53 kernel: [   37.508254] USB Universal Host Controller Interface driver v3.0
Mar 16 22:40:53 kernel: [   37.749499] input: ImPS/2 Generic Wheel Mouse as /devices/platform/i8042/serio1/input/input2
Mar 16 22:40:53 kernel: [   37.894491] Floppy drive(s): fd0 is 1.44M
Mar 16 22:40:53 kernel: [   37.910020] FDC 0 is a post-1991 82077
Mar 16 22:40:53 kernel: [   37.971941] ata2.00: ATAPI: VMware Virtual IDE CDROM Drive, 00000001, max UDMA/33
Mar 16 22:40:53 kernel: [   38.127748] ata2.00: configured for UDMA/33
Mar 16 22:40:53 kernel: [   38.128164] scsi 1:0:0:0: CD-ROM            NECVMWar VMware IDE CDR10 1.00 PQ: 0 ANSI: 5
Mar 16 22:40:53 kernel: [   38.135887] ACPI: PCI Interrupt 0000:02:03.0[A] -> GSI 17 (level, low) -> IRQ 16
Mar 16 22:40:53 kernel: [   38.135959] ehci_hcd 0000:02:03.0: EHCI Host Controller
Mar 16 22:40:53 kernel: [   38.136031] ehci_hcd 0000:02:03.0: new USB bus registered, assigned bus number 1
Mar 16 22:40:53 kernel: [   38.136792] PCI: cache line size of 32 is not supported by device 0000:02:03.0
Mar 16 22:40:53 kernel: [   38.136813] ehci_hcd 0000:02:03.0: irq 16, io mem 0xd8900000
Mar 16 22:40:53 kernel: [   38.152612] ehci_hcd 0000:02:03.0: USB 2.0 started, EHCI 1.00, driver 10 Dec 2004
Mar 16 22:40:53 kernel: [   38.152713] usb usb1: configuration #1 chosen from 1 choice
Mar 16 22:40:53 kernel: [   38.152739] hub 1-0:1.0: USB hub found
Mar 16 22:40:53 kernel: [   38.152746] hub 1-0:1.0: 6 ports detected
Mar 16 22:40:53 kernel: [   38.255959] ACPI: PCI Interrupt 0000:02:00.0[A] -> GSI 18 (level, low) -> IRQ 17
Mar 16 22:40:53 kernel: [   38.256011] uhci_hcd 0000:02:00.0: UHCI Host Controller
Mar 16 22:40:53 kernel: [   38.256048] uhci_hcd 0000:02:00.0: new USB bus registered, assigned bus number 2
Mar 16 22:40:53 kernel: [   38.256570] uhci_hcd 0000:02:00.0: irq 17, io base 0x000020c0
Mar 16 22:40:53 kernel: [   38.256785] usb usb2: configuration #1 chosen from 1 choice
Mar 16 22:40:53 kernel: [   38.256806] hub 2-0:1.0: USB hub found
Mar 16 22:40:53 kernel: [   38.256815] hub 2-0:1.0: 2 ports detected
Mar 16 22:40:53 kernel: [   38.620146] Driver 'sr' needs updating - please use bus_type methods
Mar 16 22:40:53 kernel: [   38.620896] sr0: scsi3-mmc drive: 1x/1x xa/form2 cdda tray
Mar 16 22:40:53 kernel: [   38.620900] Uniform CD-ROM driver Revision: 3.20
Mar 16 22:40:53 kernel: [   38.620972] sr 1:0:0:0: Attached scsi CD-ROM sr0
Mar 16 22:40:53 kernel: [   38.623674] sr 1:0:0:0: Attached scsi generic sg0 type 5
Mar 16 22:40:53 kernel: [   39.628024] usbcore: registered new interface driver usbkbd
Mar 16 22:40:53 kernel: [   39.628035] /build/buildd/linux-2.6.24/drivers/hid/usbhid/usbkbd.c: :USB HID Boot Protocol keyboard driver
Mar 16 22:40:53 kernel: [   39.647631] usbcore: registered new interface driver hiddev
Mar 16 22:40:53 kernel: [   39.647631] usbcore: registered new interface driver usbhid
Mar 16 22:40:53 kernel: [   39.647631] /build/buildd/linux-2.6.24/drivers/hid/usbhid/hid-core.c: v2.6:USB HID core driver
Mar 16 22:40:53 kernel: [   39.656041] usbcore: registered new interface driver usbserial
Mar 16 22:40:53 kernel: [   39.656066] /build/buildd/linux-2.6.24/drivers/usb/serial/usb-serial.c: USB Serial support registered for generic
Mar 16 22:40:53 kernel: [   39.656080] usbcore: registered new interface driver usbserial_generic
Mar 16 22:40:53 kernel: [   39.656083] /build/buildd/linux-2.6.24/drivers/usb/serial/usb-serial.c: USB Serial Driver core
Mar 16 22:40:54 kernel: [   39.838789] vga16fb: initializing
Mar 16 22:40:54 kernel: [   39.838800] vga16fb: mapped to 0xc00a0000
Mar 16 22:40:54 kernel: [   39.838842] fb0: VGA16 VGA frame buffer device
Mar 16 22:40:54 kernel: [   40.141138] Console: switching to colour frame buffer device 80x30
Mar 16 22:40:55 net/hw-detect.hotplug: Detected hotpluggable network interface lo
Mar 16 22:40:57 init: Starting pid 3632, console /dev/tty1: '/sbin/debian-installer'
Mar 16 22:40:57 init: Starting pid 3633, console /dev/tty4: '/usr/bin/tail'
Mar 16 22:40:58 debconf: Setting debconf/language to en
Mar 16 22:40:59 main-menu[3703]: DEBUG: resolver (libc6): package doesn't exist (ignored) 
Mar 16 22:40:59 main-menu[3703]: DEBUG: resolver (libnewt0.52): package doesn't exist (ignored) 
Mar 16 22:40:59 main-menu[3703]: INFO: Falling back to the package description for console-setup-udeb 
Mar 16 22:40:59 main-menu[3703]: INFO: Menu item 'localechooser' selected 
Mar 16 22:40:59 debconf: Setting debconf/language to en
Mar 16 22:41:09 localechooser: info: LANGNAME=English
Mar 16 22:41:09 localechooser: info: line=English;0;en;US;en_US.UTF-8;UTF-8;;kbd=lat0-sun16(utf8)
Mar 16 22:41:09 localechooser: info: Set debian-installer/language = 'en'
Mar 16 22:41:09 localechooser: info: Set debian-installer/locale = 'en_US.UTF-8'
Mar 16 22:41:09 localechooser: info: Set debian-installer/fallbacklocale = 'en_US.UTF-8'
Mar 16 22:41:09 localechooser: info: Set debian-installer/country = 'US'
Mar 16 22:41:09 localechooser: info: Set debian-installer/consoledisplay = 'kbd=lat0-sun16(utf8)'
Mar 16 22:41:09 debconf: Setting debconf/language to en
Mar 16 22:41:09 localechooser: info: Set debconf/language = 'en'
Mar 16 22:41:10 localechooser: info: Set debian-installer/country = 'US'
Mar 16 22:41:10 localechooser: info: Set debian-installer/locale = 'en_US.UTF-8'
Mar 16 22:41:11 main-menu[3703]: DEBUG: resolver (libc6): package doesn't exist (ignored) 
Mar 16 22:41:11 main-menu[3703]: DEBUG: resolver (libnewt0.52): package doesn't exist (ignored) 
Mar 16 22:41:11 main-menu[3703]: INFO: Falling back to the package description for console-setup-udeb 
Mar 16 22:41:11 main-menu[3703]: INFO: Falling back to the package description for console-setup-udeb 
Mar 16 22:41:11 main-menu[3703]: INFO: Falling back to the package description for console-setup-udeb 
Mar 16 22:41:11 main-menu[3703]: INFO: Menu item 'console-setup-udeb' selected 
Mar 16 22:41:11 main-menu[3703]: INFO: Falling back to the package description for console-setup-pc-ekmap 
Mar 16 22:41:11 main-menu[3703]: INFO: Falling back to the package description for console-setup-pc-ekmap 
Mar 16 22:41:11 main-menu[3703]: WARNING **: Unable to set title for console-setup-udeb. 
Mar 16 22:41:13 debconf: BLURB5
Mar 16 22:41:13 debconf: BLURB6
Mar 16 22:41:15 debconf: BLURB
Mar 16 22:41:15 debconf: BLURB2
Mar 16 22:41:15 debconf: BLUR3
Mar 16 22:41:15 debconf: BLURB4
Mar 16 22:41:15 debconf: BLURB5
Mar 16 22:41:15 debconf: BLURB6
Mar 16 22:41:17 debconf: BLURB
Mar 16 22:41:17 debconf: BLURB2
Mar 16 22:41:17 debconf: BLUR3
Mar 16 22:41:17 debconf: BLURB4
Mar 16 22:41:17 debconf: BLURB5
Mar 16 22:41:17 debconf: BLURB6
Mar 16 22:41:18 debconf: BLURB
Mar 16 22:41:18 debconf: BLURB2
Mar 16 22:41:18 debconf: BLUR3
Mar 16 22:41:18 debconf: BLURB4
Mar 16 22:41:18 debconf: BLURB5
Mar 16 22:41:18 debconf: BLURB6
Mar 16 22:41:19 debconf: BLURB
Mar 16 22:41:19 debconf: BLURB2
Mar 16 22:41:19 debconf: BLUR3
Mar 16 22:41:19 debconf: BLURB4
Mar 16 22:41:19 debconf: BLURB5
Mar 16 22:41:19 debconf: BLURB6
Mar 16 22:41:19 debconf: BLURB7
Mar 16 22:41:20 debconf: BLURB8
Mar 16 22:41:20 debconf: BLURB5
Mar 16 22:41:20 debconf: BLURB6
Mar 16 22:41:20 debconf: BLURB7
Mar 16 22:41:20 debconf: BLURB8
Mar 16 22:41:20 debconf: BLURB5
Mar 16 22:41:20 debconf: BLURB6
Mar 16 22:41:20 debconf: BLURB7
Mar 16 22:41:21 debconf: BLURB8
Mar 16 22:41:21 debconf: BLURB5
Mar 16 22:41:21 debconf: BLURB6
Mar 16 22:41:21 debconf: BLURB7
Mar 16 22:41:21 debconf: BLURB8
Mar 16 22:41:21 debconf: BLURB5
Mar 16 22:41:21 debconf: BLURB6
Mar 16 22:41:21 debconf: BLURB7
Mar 16 22:41:21 debconf: BLURB8
Mar 16 22:41:21 debconf: BLURB5
Mar 16 22:41:21 debconf: BLURB6
Mar 16 22:41:21 debconf: BLURB7
Mar 16 22:41:21 debconf: BLURB8
Mar 16 22:41:21 debconf: BLURB5
Mar 16 22:41:21 debconf: BLURB6
Mar 16 22:41:21 debconf: BLURB7
Mar 16 22:41:21 debconf: BLURB8
Mar 16 22:41:21 debconf: BLURB5
Mar 16 22:41:21 debconf: BLURB6
Mar 16 22:41:21 debconf: BLURB7
Mar 16 22:41:22 debconf: BLURB8
Mar 16 22:41:22 debconf: BLURB5
Mar 16 22:41:22 debconf: BLURB6
Mar 16 22:41:22 debconf: BLURB7
Mar 16 22:41:22 debconf: BLURB8
Mar 16 22:41:22 debconf: BLURB5
Mar 16 22:41:22 debconf: BLURB6
Mar 16 22:41:22 debconf: BLURB7
Mar 16 22:41:22 debconf: BLURB8
Mar 16 22:41:22 debconf: BLURB5
Mar 16 22:41:22 debconf: BLURB6
Mar 16 22:41:22 debconf: BLURB7
Mar 16 22:41:23 debconf: BLURB8
Mar 16 22:41:23 debconf: BLURB5
Mar 16 22:41:23 debconf: BLURB6
Mar 16 22:41:23 debconf: BLURB7
Mar 16 22:41:23 debconf: BLURB8
Mar 16 22:41:23 debconf: BLURB5
Mar 16 22:41:23 debconf: BLURB6
Mar 16 22:41:23 debconf: BLURB7
Mar 16 22:41:24 debconf: BLURB8
Mar 16 22:41:24 debconf: BLURB5
Mar 16 22:41:24 debconf: BLURB6
Mar 16 22:41:24 debconf: BLURB7
Mar 16 22:41:24 debconf: BLURB8
Mar 16 22:41:24 debconf: BLURB5
Mar 16 22:41:24 debconf: BLURB6
Mar 16 22:41:24 debconf: BLURB7
Mar 16 22:41:24 debconf: BLURB8
Mar 16 22:41:24 debconf: BLURB5
Mar 16 22:41:24 debconf: BLURB6
Mar 16 22:41:24 debconf: BLURB7
Mar 16 22:41:25 debconf: BLURB8
Mar 16 22:41:25 debconf: BLURB5
Mar 16 22:41:25 debconf: BLURB6
Mar 16 22:41:25 debconf: BLURB9
Mar 16 22:41:25 debconf: return us
Mar 16 22:41:28 main-menu[3703]: (process:3943): md5sum:  
Mar 16 22:41:28 main-menu[3703]: (process:3943): /etc/console-setup/boottime.kmap.gz 
Mar 16 22:41:28 main-menu[3703]: (process:3943): : No such file or directory 
Mar 16 22:41:28 main-menu[3703]: DEBUG: resolver (libc6): package doesn't exist (ignored) 
Mar 16 22:41:28 main-menu[3703]: DEBUG: resolver (libnewt0.52): package doesn't exist (ignored) 
Mar 16 22:41:28 main-menu[3703]: INFO: Falling back to the package description for console-setup-udeb 
Mar 16 22:41:28 main-menu[3703]: INFO: Falling back to the package description for console-setup-udeb 
Mar 16 22:41:28 main-menu[3703]: INFO: Menu item 'cdrom-detect' selected 
Mar 16 22:41:29 net/hw-detect.hotplug: Detected hotpluggable network interface lo
Mar 16 22:41:30 hw-detect: Detected module 'usb-storage' for 'USB storage'
Mar 16 22:41:30 hw-detect: insmod /lib/modules/2.6.24-16-generic/kernel/drivers/usb/storage/libusual.ko 
Mar 16 22:41:30 kernel: [   76.447753] usbcore: registered new interface driver libusual
Mar 16 22:41:30 hw-detect: insmod /lib/modules/2.6.24-16-generic/kernel/drivers/usb/storage/usb-storage.ko 
Mar 16 22:41:30 kernel: [   76.453047] Initializing USB Mass Storage driver...
Mar 16 22:41:30 kernel: [   76.453211] usbcore: registered new interface driver usb-storage
Mar 16 22:41:30 kernel: [   76.453230] USB Mass Storage support registered.
Mar 16 22:41:30 hw-detect: Loading PCMCIA bridge driver module: i82365
Mar 16 22:41:30 kernel: [   76.686685] Intel ISA PCIC probe: not found.
Mar 16 22:41:31 apt-install: Queueing package udev for later installation
Mar 16 22:41:31 apt-install: Queueing package usbutils for later installation
Mar 16 22:41:31 apt-install: Queueing package acpi for later installation
Mar 16 22:41:31 apt-install: Queueing package acpid for later installation
Mar 16 22:41:31 apt-install: Queueing package acpi-support-base for later installation
Mar 16 22:41:31 apt-install: Queueing package eject for later installation
Mar 16 22:41:33 net/hw-detect.hotplug: Detected hotpluggable network interface lo
Mar 16 22:41:34 cdrom-detect: Searching for Ubuntu installation media...
Mar 16 22:41:36 kernel: [   81.783722] ISO 9660 Extensions: Microsoft Joliet Level 3
Mar 16 22:41:36 kernel: [   81.804333] ISO 9660 Extensions: RRIP_1991A
Mar 16 22:41:36 cdrom-detect: CD-ROM mount succeeded: device=/dev/scd0
Mar 16 22:41:36 cdrom-detect: Detected CD 'Ubuntu-Server 8.04 "Hardy Heron" - Release i386 (20080423.2)'
Mar 16 22:41:38 cdrom-detect: Detected CD with 'hardy' (hardy) distribution
Mar 16 22:41:38 anna-install: Queueing udeb eject-udeb for later installation
Mar 16 22:41:38 anna-install: Queueing udeb apt-mirror-setup for later installation
Mar 16 22:41:38 anna-install: Queueing udeb apt-cdrom-setup for later installation
Mar 16 22:41:38 main-menu[3703]: (process:4484): cat:  
Mar 16 22:41:38 main-menu[3703]: (process:4484): /etc/default-release 
Mar 16 22:41:38 main-menu[3703]: (process:4484): : No such file or directory 
Mar 16 22:41:38 main-menu[3703]: DEBUG: resolver (libc6): package doesn't exist (ignored) 
Mar 16 22:41:38 main-menu[3703]: DEBUG: resolver (libnewt0.52): package doesn't exist (ignored) 
Mar 16 22:41:38 main-menu[3703]: INFO: Falling back to the package description for console-setup-udeb 
Mar 16 22:41:38 main-menu[3703]: INFO: Falling back to the package description for console-setup-udeb 
Mar 16 22:41:38 main-menu[3703]: INFO: Menu item 'file-preseed' selected 
Mar 16 22:41:38 preseed: successfully loaded preseed file from file:///cdrom/preseed/ubuntu-server.seed
Mar 16 22:41:38 main-menu[3703]: DEBUG: resolver (libc6): package doesn't exist (ignored) 
Mar 16 22:41:38 main-menu[3703]: DEBUG: resolver (libnewt0.52): package doesn't exist (ignored) 
Mar 16 22:41:38 main-menu[3703]: INFO: Falling back to the package description for console-setup-udeb 
Mar 16 22:41:38 main-menu[3703]: INFO: Falling back to the package description for console-setup-udeb 
Mar 16 22:41:38 main-menu[3703]: INFO: Menu item 'load-cdrom' selected 
Mar 16 22:41:39 anna[8054]: DEBUG: install hw-detect, enhances installed packages hw-detect 
Mar 16 22:41:39 anna[8054]: DEBUG: install apt-cdrom-setup, queued by anna-install 
Mar 16 22:41:39 anna[8054]: DEBUG: install apt-mirror-setup, queued by anna-install 
Mar 16 22:41:39 anna[8054]: DEBUG: install apt-setup-udeb, priority >= standard 
Mar 16 22:41:39 anna[8054]: DEBUG: install base-installer, priority >= standard 
Mar 16 22:41:39 anna[8054]: DEBUG: install bootstrap-base, priority >= standard 
Mar 16 22:41:39 anna[8054]: DEBUG: install binutils-static-udeb, priority >= standard 
Mar 16 22:41:39 anna[8054]: DEBUG: ask for choose-mirror, is menu item 
Mar 16 22:41:39 anna[8054]: DEBUG: install clock-setup, priority >= standard 
Mar 16 22:41:39 anna[8054]: DEBUG: install di-utils-mapdevfs, priority >= standard 
Mar 16 22:41:39 anna[8054]: DEBUG: install eject-udeb, queued by anna-install 
Mar 16 22:41:39 anna[8054]: DEBUG: install elilo-installer, priority >= standard 
Mar 16 22:41:39 anna[8054]: DEBUG: install finish-install, priority >= standard 
Mar 16 22:41:39 anna[8054]: DEBUG: ask for load-floppy, is menu item 
Mar 16 22:41:39 anna[8054]: DEBUG: install grub-installer, priority >= standard 
Mar 16 22:41:39 anna[8054]: DEBUG: install disk-detect, priority >= standard 
Mar 16 22:41:39 anna[8054]: DEBUG: ask for ethdetect, is menu item 
Mar 16 22:41:39 anna[8054]: DEBUG: ask for iso-scan, is menu item 
Mar 16 22:41:39 anna[8054]: DEBUG: ask for load-iso, is menu item 
Mar 16 22:41:39 anna[8054]: DEBUG: install lilo-installer, priority >= standard 
Mar 16 22:41:39 anna[8054]: DEBUG: ask for updates-modules-2.6.24-16-generic-di, matches kernel 
Mar 16 22:41:39 anna[8054]: DEBUG: install updates-modules-2.6.24-16-generic-di, priority >= standard 
Mar 16 22:41:39 anna[8054]: DEBUG: ask for nic-firmware-2.6.24-16-generic-di, matches kernel 
Mar 16 22:41:39 anna[8054]: DEBUG: install nic-firmware-2.6.24-16-generic-di, priority >= standard 
Mar 16 22:41:39 anna[8054]: DEBUG: ask for ubuntu-modules-2.6.24-16-generic-di, matches kernel 
Mar 16 22:41:39 anna[8054]: DEBUG: install ubuntu-modules-2.6.24-16-generic-di, priority >= standard 
Mar 16 22:41:39 anna[8054]: DEBUG: ask for block-modules-2.6.24-16-generic-di, matches kernel 
Mar 16 22:41:39 anna[8054]: DEBUG: install block-modules-2.6.24-16-generic-di, priority >= standard 
Mar 16 22:41:39 anna[8054]: DEBUG: ask for crypto-modules-2.6.24-16-generic-di, matches kernel 
Mar 16 22:41:39 anna[8054]: DEBUG: ask for fs-core-modules-2.6.24-16-generic-di, matches kernel 
Mar 16 22:41:39 anna[8054]: DEBUG: install fs-core-modules-2.6.24-16-generic-di, priority >= standard 
Mar 16 22:41:39 anna[8054]: DEBUG: ask for fs-secondary-modules-2.6.24-16-generic-di, matches kernel 
Mar 16 22:41:39 anna[8054]: DEBUG: install fs-secondary-modules-2.6.24-16-generic-di, priority >= standard 
Mar 16 22:41:39 anna[8054]: DEBUG: ask for ipv6-modules-2.6.24-16-generic-di, matches kernel 
Mar 16 22:41:39 anna[8054]: DEBUG: install ipv6-modules-2.6.24-16-generic-di, priority >= standard 
Mar 16 22:41:39 anna[8054]: DEBUG: ask for irda-modules-2.6.24-16-generic-di, matches kernel 
Mar 16 22:41:39 anna[8054]: DEBUG: install irda-modules-2.6.24-16-generic-di, priority >= standard 
Mar 16 22:41:39 anna[8054]: DEBUG: ask for md-modules-2.6.24-16-generic-di, matches kernel 
Mar 16 22:41:39 anna[8054]: DEBUG: install md-modules-2.6.24-16-generic-di, priority >= standard 
Mar 16 22:41:39 anna[8054]: DEBUG: ask for message-modules-2.6.24-16-generic-di, matches kernel 
Mar 16 22:41:39 anna[8054]: DEBUG: install message-modules-2.6.24-16-generic-di, priority >= standard 
Mar 16 22:41:39 anna[8054]: DEBUG: ask for nfs-modules-2.6.24-16-generic-di, matches kernel 
Mar 16 22:41:39 anna[8054]: DEBUG: install nfs-modules-2.6.24-16-generic-di, priority >= standard 
Mar 16 22:41:39 anna[8054]: DEBUG: ask for nic-modules-2.6.24-16-generic-di, matches kernel 
Mar 16 22:41:39 anna[8054]: DEBUG: install nic-modules-2.6.24-16-generic-di, priority >= standard 
Mar 16 22:41:39 anna[8054]: DEBUG: ask for nic-pcmcia-modules-2.6.24-16-generic-di, matches kernel 
Mar 16 22:41:39 anna[8054]: DEBUG: install nic-pcmcia-modules-2.6.24-16-generic-di, priority >= standard 
Mar 16 22:41:39 anna[8054]: DEBUG: ask for nic-shared-modules-2.6.24-16-generic-di, matches kernel 
Mar 16 22:41:39 anna[8054]: DEBUG: install nic-shared-modules-2.6.24-16-generic-di, priority >= standard 
Mar 16 22:41:39 anna[8054]: DEBUG: ask for nic-usb-modules-2.6.24-16-generic-di, matches kernel 
Mar 16 22:41:39 anna[8054]: DEBUG: install nic-usb-modules-2.6.24-16-generic-di, priority >= standard 
Mar 16 22:41:39 anna[8054]: DEBUG: ask for parport-modules-2.6.24-16-generic-di, matches kernel 
Mar 16 22:41:39 anna[8054]: DEBUG: install parport-modules-2.6.24-16-generic-di, priority >= standard 
Mar 16 22:41:39 anna[8054]: DEBUG: ask for plip-modules-2.6.24-16-generic-di, matches kernel 
Mar 16 22:41:39 anna[8054]: DEBUG: install plip-modules-2.6.24-16-generic-di, priority >= standard 
Mar 16 22:41:39 anna[8054]: DEBUG: ask for ppp-modules-2.6.24-16-generic-di, matches kernel 
Mar 16 22:41:39 anna[8054]: DEBUG: install ppp-modules-2.6.24-16-generic-di, priority >= standard 
Mar 16 22:41:39 anna[8054]: DEBUG: ask for lowmem, is menu item 
Mar 16 22:41:39 anna[8054]: DEBUG: install ltsp-client-builder, priority >= standard 
Mar 16 22:41:39 anna[8054]: DEBUG: ask for lvmcfg, is menu item 
Mar 16 22:41:39 anna[8054]: DEBUG: ask for mdcfg, is menu item 
Mar 16 22:41:39 anna[8054]: DEBUG: ask for migration-assistant, is menu item 
Mar 16 22:41:39 anna[8054]: DEBUG: ask for download-installer, is menu item 
Mar 16 22:41:39 anna[8054]: DEBUG: ask for netcfg, is menu item 
Mar 16 22:41:39 anna[8054]: DEBUG: ask for network-console, is menu item 
Mar 16 22:41:39 anna[8054]: DEBUG: install nobootloader, priority >= standard 
Mar 16 22:41:39 anna[8054]: DEBUG: install oem-config-check, priority >= standard 
Mar 16 22:41:39 anna[8054]: DEBUG: ask for oem-config-udeb, is menu item 
Mar 16 22:41:39 anna[8054]: DEBUG: ask for open-iscsi-udeb, is menu item 
Mar 16 22:41:39 anna[8054]: DEBUG: ask for openssh-client-udeb, is menu item 
Mar 16 22:41:39 anna[8054]: DEBUG: install partman-auto-crypto, priority >= standard 
Mar 16 22:41:39 anna[8054]: DEBUG: install partman-auto-loop, priority >= standard 
Mar 16 22:41:39 anna[8054]: DEBUG: install partman-auto-lvm, priority >= standard 
Mar 16 22:41:39 anna[8054]: DEBUG: install partman-auto, priority >= standard 
Mar 16 22:41:39 anna[8054]: DEBUG: install partman-base, priority >= standard 
Mar 16 22:41:39 anna[8054]: DEBUG: install partman-basicfilesystems, priority >= standard 
Mar 16 22:41:39 anna[8054]: DEBUG: install partman-crypto-dm, priority >= standard 
Mar 16 22:41:39 anna[8054]: DEBUG: install partman-efi, priority >= standard 
Mar 16 22:41:39 anna[8054]: DEBUG: install partman-ext3, priority >= standard 
Mar 16 22:41:39 anna[8054]: DEBUG: install partman-jfs, priority >= standard 
Mar 16 22:41:39 anna[8054]: DEBUG: install partman-md, priority >= standard 
Mar 16 22:41:39 anna[8054]: DEBUG: install partman-reiserfs, priority >= standard 
Mar 16 22:41:39 anna[8054]: DEBUG: install partman-target, priority >= standard 
Mar 16 22:41:39 anna[8054]: DEBUG: install partman-xfs, priority >= standard 
Mar 16 22:41:39 anna[8054]: DEBUG: install pkgsel, priority >= standard 
Mar 16 22:41:39 anna[8054]: DEBUG: ask for ppp-udeb, is menu item 
Mar 16 22:41:39 anna[8054]: DEBUG: install network-preseed, priority >= standard 
Mar 16 22:41:39 anna[8054]: DEBUG: install mkreiserfs-udeb, priority >= standard 
Mar 16 22:41:39 anna[8054]: DEBUG: ask for rescue-mode, is menu item 
Mar 16 22:41:39 anna[8054]: DEBUG: install tzsetup-udeb, priority >= standard 
Mar 16 22:41:39 anna[8054]: DEBUG: install usbutils-udeb, priority >= standard 
Mar 16 22:41:39 anna[8054]: DEBUG: install user-setup-udeb, priority >= standard 
Mar 16 22:41:39 anna[8054]: DEBUG: ask for fdisk-udeb, is menu item 
Mar 16 22:41:39 anna[8054]: DEBUG: ask for nic-restricted-firmware-2.6.24-16-generic-di, matches kernel 
Mar 16 22:41:39 anna[8054]: DEBUG: install nic-restricted-firmware-2.6.24-16-generic-di, priority >= standard 
Mar 16 22:41:39 anna[8054]: DEBUG: ask for nic-restricted-modules-2.6.24-16-generic-di, matches kernel 
Mar 16 22:41:39 anna[8054]: DEBUG: install nic-restricted-modules-2.6.24-16-generic-di, priority >= standard 
Mar 16 22:41:39 anna[8054]: DEBUG: resolver (efi-modules): package doesn't exist (ignored) 
Mar 16 22:41:39 anna[8054]: DEBUG: resolver (libnewt0.52): package doesn't exist (ignored) 
Mar 16 22:41:39 anna[8054]: DEBUG: resolver (libnewt0.52): package doesn't exist (ignored) 
Mar 16 22:41:39 anna[8054]: DEBUG: resolver (efi-modules): package doesn't exist (ignored) 
Mar 16 22:41:53 main-menu[3703]: DEBUG: resolver (libnewt0.52): package doesn't exist (ignored) 
Mar 16 22:41:53 main-menu[3703]: DEBUG: resolver (efi-modules): package doesn't exist (ignored) 
Mar 16 22:41:53 main-menu[3703]: INFO: Falling back to the package description for console-setup-udeb 
Mar 16 22:41:53 main-menu[3703]: INFO: Falling back to the package description for fdisk-udeb 
Mar 16 22:41:53 main-menu[3703]: INFO: Falling back to the package description for console-setup-udeb 
Mar 16 22:41:53 main-menu[3703]: INFO: Menu item 'ethdetect' selected 
Mar 16 22:41:54 kernel: [  100.397419] Fusion MPT base driver 3.04.06
Mar 16 22:41:54 kernel: [  100.397426] Copyright (c) 1999-2007 LSI Corporation
Mar 16 22:41:54 kernel: [  100.399638] pcnet32.c:v1.34 14.Aug.2007 tsbogend@alpha.franken.de
Mar 16 22:41:54 kernel: [  100.399876] ACPI: PCI Interrupt 0000:02:01.0[A] -> GSI 19 (level, low) -> IRQ 18
Mar 16 22:41:54 kernel: [  100.400100] pcnet32: PCnet/PCI II 79C970A at 0x2000, 00 0c 29 a4 25 c8 assigned IRQ 18.
Mar 16 22:41:54 kernel: [  100.401158] eth0: registered as PCnet/PCI II 79C970A
Mar 16 22:41:54 kernel: [  100.401327] pcnet32: 1 cards_found.
Mar 16 22:41:54 kernel: [  100.428399] Fusion MPT SPI Host driver 3.04.06
Mar 16 22:41:54 kernel: [  100.428472] ACPI: PCI Interrupt 0000:00:10.0[A] -> GSI 17 (level, low) -> IRQ 16
Mar 16 22:41:54 kernel: [  100.428682] mptbase: ioc0: Initiating bringup
Mar 16 22:41:54 kernel: [  100.505592] ioc0: LSI53C1030 B0: Capabilities={Initiator}
Mar 16 22:41:54 kernel: [  100.672849] scsi2 : ioc0: LSI53C1030 B0, FwRev=01032920h, Ports=1, MaxQ=128, IRQ=16
Mar 16 22:41:55 kernel: [  100.799811] scsi 2:0:0:0: Direct-Access     VMware,  VMware Virtual S 1.0  PQ: 0 ANSI: 2
Mar 16 22:41:55 kernel: [  100.799825]  target2:0:0: Beginning Domain Validation
Mar 16 22:41:55 kernel: [  100.800568]  target2:0:0: Domain Validation skipping write tests
Mar 16 22:41:55 kernel: [  100.800569]  target2:0:0: Ending Domain Validation
Mar 16 22:41:55 kernel: [  100.800605]  target2:0:0: FAST-40 WIDE SCSI 80.0 MB/s ST (25 ns, offset 127)
Mar 16 22:41:55 kernel: [  100.802873] scsi 2:0:0:0: Attached scsi generic sg1 type 0
Mar 16 22:41:55 kernel: [  100.931343] parport_pc 00:08: reported by Plug and Play ACPI
Mar 16 22:41:55 kernel: [  100.931682] parport0: PC-style at 0x378, irq 7 [PCSPP,TRISTATE]
Mar 16 22:41:55 net/hw-detect.hotplug: Detected hotpluggable network interface lo
Mar 16 22:41:56 net/hw-detect.hotplug: Detected hotpluggable network interface eth0
Mar 16 22:41:56 kernel: [  102.433632] Driver 'sd' needs updating - please use bus_type methods
Mar 16 22:41:56 kernel: [  102.433901] sd 2:0:0:0: [sda] 167772160 512-byte hardware sectors (85899 MB)
Mar 16 22:41:56 kernel: [  102.434878] sd 2:0:0:0: [sda] Write Protect is off
Mar 16 22:41:56 kernel: [  102.434882] sd 2:0:0:0: [sda] Mode Sense: 5d 00 00 00
Mar 16 22:41:56 kernel: [  102.435074] sd 2:0:0:0: [sda] Cache data unavailable
Mar 16 22:41:56 kernel: [  102.435077] sd 2:0:0:0: [sda] Assuming drive cache: write through
Mar 16 22:41:56 kernel: [  102.435246] sd 2:0:0:0: [sda] 167772160 512-byte hardware sectors (85899 MB)
Mar 16 22:41:56 kernel: [  102.435333] sd 2:0:0:0: [sda] Write Protect is off
Mar 16 22:41:56 kernel: [  102.435336] sd 2:0:0:0: [sda] Mode Sense: 5d 00 00 00
Mar 16 22:41:56 kernel: [  102.436396] sd 2:0:0:0: [sda] Cache data unavailable
Mar 16 22:41:56 kernel: [  102.436400] sd 2:0:0:0: [sda] Assuming drive cache: write through
Mar 16 22:41:56 kernel:  unknown partition table
Mar 16 22:41:56 kernel: [  102.438367] sd 2:0:0:0: [sda] Attached SCSI disk
Mar 16 22:41:57 hw-detect: Loading PCMCIA bridge driver module: i82365
Mar 16 22:41:57 kernel: [  102.966357] Intel ISA PCIC probe: not found.
Mar 16 22:41:59 net/hw-detect.hotplug: Detected hotpluggable network interface eth0
Mar 16 22:41:59 net/hw-detect.hotplug: Detected hotpluggable network interface lo
Mar 16 22:42:01 main-menu[3703]: DEBUG: resolver (libnewt0.52): package doesn't exist (ignored) 
Mar 16 22:42:01 main-menu[3703]: DEBUG: resolver (efi-modules): package doesn't exist (ignored) 
Mar 16 22:42:01 main-menu[3703]: INFO: Falling back to the package description for console-setup-udeb 
Mar 16 22:42:01 main-menu[3703]: INFO: Falling back to the package description for fdisk-udeb 
Mar 16 22:42:01 main-menu[3703]: INFO: Falling back to the package description for console-setup-udeb 
Mar 16 22:42:01 main-menu[3703]: INFO: Menu item 'netcfg' selected 
Mar 16 22:42:01 kernel: [  107.118931] NET: Registered protocol family 17
Mar 16 22:42:01 dhclient: Internet Systems Consortium DHCP Client V3.0.6
Mar 16 22:42:01 dhclient: Copyright 2004-2007 Internet Systems Consortium.
Mar 16 22:42:01 dhclient: All rights reserved.
Mar 16 22:42:01 dhclient: For info, please visit http://www.isc.org/sw/dhcp/
Mar 16 22:42:01 dhclient: 
Mar 16 22:42:01 dhclient: can't create /var/state/dhcp/dhclient.leases: No such file or directory
Mar 16 22:42:01 kernel: [  107.162603] eth0: link up
Mar 16 22:42:03 dhclient: Listening on LPF/eth0/00:0c:29:a4:25:c8
Mar 16 22:42:03 dhclient: Sending on   LPF/eth0/00:0c:29:a4:25:c8
Mar 16 22:42:03 dhclient: Sending on   Socket/fallback
Mar 16 22:42:07 dhclient: DHCPDISCOVER on eth0 to 255.255.255.255 port 67 interval 5
Mar 16 22:42:07 dhclient: DHCPOFFER of 192.168.235.138 from 192.168.235.254
Mar 16 22:42:07 dhclient: DHCPREQUEST of 192.168.235.138 on eth0 to 255.255.255.255 port 67
Mar 16 22:42:08 dhclient: DHCPACK of 192.168.235.138 from 192.168.235.254
Mar 16 22:42:08 dhclient: can't create /var/state/dhcp/dhclient.leases: No such file or directory
Mar 16 22:42:08 dhclient: bound to 192.168.235.138 -- renewal in 852 seconds.
Mar 16 22:42:08 main-menu[3703]: (process:13691): Internet Systems Consortium DHCP Client V3.0.6 
Mar 16 22:42:08 main-menu[3703]: (process:13691):  
Mar 16 22:42:08 main-menu[3703]: (process:13691): Copyright 2004-2007 Internet Systems Consortium. 
Mar 16 22:42:08 main-menu[3703]: (process:13691):  
Mar 16 22:42:08 main-menu[3703]: (process:13691): All rights reserved. 
Mar 16 22:42:08 main-menu[3703]: (process:13691):  
Mar 16 22:42:08 main-menu[3703]: (process:13691): For info, please visit http://www.isc.org/sw/dhcp/ 
Mar 16 22:42:08 main-menu[3703]: (process:13691):  
Mar 16 22:42:08 main-menu[3703]: (process:13691):  
Mar 16 22:42:08 main-menu[3703]: (process:13691): can't create /var/state/dhcp/dhclient.leases: No such file or directory 
Mar 16 22:42:08 main-menu[3703]: (process:13691):  
Mar 16 22:42:08 main-menu[3703]: (process:13691): Listening on LPF/eth0/00:0c:29:a4:25:c8 
Mar 16 22:42:08 main-menu[3703]: (process:13691): Sending on   LPF/eth0/00:0c:29:a4:25:c8 
Mar 16 22:42:08 main-menu[3703]: (process:13691): Sending on   Socket/fallback 
Mar 16 22:42:08 main-menu[3703]: (process:13691): DHCPDISCOVER on eth0 to 255.255.255.255 port 67 interval 5 
Mar 16 22:42:08 main-menu[3703]: (process:13691): DHCPOFFER of 192.168.235.138 from 192.168.235.254 
Mar 16 22:42:08 main-menu[3703]: (process:13691): DHCPREQUEST of 192.168.235.138 on eth0 to 255.255.255.255 port 67 
Mar 16 22:42:08 main-menu[3703]: (process:13691): DHCPACK of 192.168.235.138 from 192.168.235.254 
Mar 16 22:42:08 main-menu[3703]: (process:13691): can't create /var/state/dhcp/dhclient.leases: No such file or directory 
Mar 16 22:42:08 main-menu[3703]: (process:13691): bound to 192.168.235.138 -- renewa 
Mar 16 22:46:48 main-menu[3703]: l in 852 seconds. 
Mar 16 22:46:48 main-menu[3703]: DEBUG: resolver (libnewt0.52): package doesn't exist (ignored) 
Mar 16 22:46:48 main-menu[3703]: DEBUG: resolver (efi-modules): package doesn't exist (ignored) 
Mar 16 22:46:48 main-menu[3703]: INFO: Falling back to the package description for console-setup-udeb 
Mar 16 22:46:49 main-menu[3703]: INFO: Falling back to the package description for fdisk-udeb 
Mar 16 22:46:49 main-menu[3703]: INFO: Falling back to the package description for console-setup-udeb 
Mar 16 22:46:49 main-menu[3703]: INFO: Menu item 'clock-setup' selected 
Mar 16 22:46:49 kernel: [  395.095286] warning: process `rdate' used the deprecated sysctl system call with 1.40.
Mar 16 22:46:56 clock-setup: rdate: Invalid cookie received, packet rejected
Mar 16 22:46:57 clock-setup: rdate: Invalid cookie received, packet rejected
Mar 16 22:46:57 clock-setup: rdate: Invalid cookie received, packet rejected
Mar 16 22:46:58 clock-setup: rdate: Invalid cookie received, packet rejected
Mar 16 22:46:59 clock-setup: rdate: Invalid cookie received, packet rejected
Mar 16 22:46:59 clock-setup: rdate: Invalid cookie received, packet rejected
Mar 16 22:47:00 clock-setup: rdate: Invalid cookie received, packet rejected
Mar 16 22:47:01 clock-setup: rdate: Invalid cookie received, packet rejected
Mar 16 22:47:01 clock-setup: rdate: Invalid cookie received, packet rejected
Mar 16 22:47:01 clock-setup: rdate: Invalid cookie received, packet rejected
Mar 16 22:47:02 clock-setup: rdate: Too many bad or lost packets
Mar 16 22:47:02 clock-setup: rdate: Unable to get a reasonable time estimate
Mar 16 22:47:02 clock-setup: rdate failed (0)
Mar 16 22:47:02 clock-setup: 
Mar 16 22:49:19 main-menu[3703]: DEBUG: resolver (libnewt0.52): package doesn't exist (ignored) 
Mar 16 22:49:19 main-menu[3703]: DEBUG: resolver (efi-modules): package doesn't exist (ignored) 
Mar 16 22:49:19 main-menu[3703]: INFO: Falling back to the package description for console-setup-udeb 
Mar 16 22:49:19 main-menu[3703]: INFO: Falling back to the package description for fdisk-udeb 
Mar 16 22:49:19 main-menu[3703]: INFO: Falling back to the package description for console-setup-udeb 
Mar 16 22:49:19 main-menu[3703]: INFO: Menu item 'disk-detect' selected 
Mar 16 22:49:21 net/hw-detect.hotplug: Detected hotpluggable network interface eth0
Mar 16 22:49:23 net/hw-detect.hotplug: Detected hotpluggable network interface lo
Mar 16 22:49:25 hw-detect: Loading PCMCIA bridge driver module: i82365
Mar 16 22:49:25 kernel: [  551.243467] Intel ISA PCIC probe: not found.
Mar 16 22:49:28 net/hw-detect.hotplug: Detected hotpluggable network interface eth0
Mar 16 22:49:29 net/hw-detect.hotplug: Detected hotpluggable network interface lo
Mar 16 22:49:31 kernel: [  556.972372] end_request: I/O error, dev fd0, sector 0
Mar 16 22:49:31 kernel: [  556.996347] end_request: I/O error, dev fd0, sector 0
Mar 16 22:49:31 main-menu[3703]: DEBUG: resolver (libnewt0.52): package doesn't exist (ignored) 
Mar 16 22:49:31 main-menu[3703]: DEBUG: resolver (efi-modules): package doesn't exist (ignored) 
Mar 16 22:49:31 main-menu[3703]: INFO: Falling back to the package description for console-setup-udeb 
Mar 16 22:49:31 main-menu[3703]: INFO: Falling back to the package description for fdisk-udeb 
Mar 16 22:49:31 main-menu[3703]: INFO: Falling back to the package description for console-setup-udeb 
Mar 16 22:49:31 main-menu[3703]: INFO: Menu item 'partman-base' selected 
Mar 16 22:49:33 kernel: [  558.841177] fuse init (API version 7.9)
Mar 16 22:49:34 kernel: [  559.645949] JFS: nTxBlock = 5326, nTxLock = 42611
Mar 16 22:49:34 kernel: [  560.148161] SGI XFS with ACLs, security attributes, realtime, large block numbers, no debug enabled
Mar 16 22:49:34 kernel: [  560.148948] SGI XFS Quota Management subsystem
Mar 16 22:49:34 kernel: [  560.330554] end_request: I/O error, dev fd0, sector 0
Mar 16 22:49:34 kernel: [  560.350785] end_request: I/O error, dev fd0, sector 0
Mar 16 22:49:35 partman:   No matching physical volumes found
Mar 16 22:49:35 partman:   Reading all physical volumes.  This may take a while...
Mar 16 22:49:35 partman:   No volume groups found
Mar 16 22:51:29 kernel: [  675.226605] device-mapper: uevent: version 1.0.3
Mar 16 22:51:29 kernel: [  675.226788] device-mapper: ioctl: 4.12.0-ioctl (2007-10-02) initialised: dm-devel@redhat.com
Mar 16 22:51:30 net/hw-detect.hotplug: Detected hotpluggable network interface eth0
Mar 16 22:51:31 net/hw-detect.hotplug: Detected hotpluggable network interface lo
Mar 16 22:51:48 partman-lvm:   Physical volume "/dev/sda5" successfully created
Mar 16 22:51:48 partman-lvm:   Volume group "ubuntu804-base" successfully created
Mar 16 22:51:49 partman-lvm:   Logical volume "root" created
Mar 16 22:51:50 partman-lvm:   Logical volume "swap_1" created
Mar 16 22:51:53 kernel: [  698.485014] end_request: I/O error, dev fd0, sector 0
Mar 16 22:51:53 kernel: [  698.505456] end_request: I/O error, dev fd0, sector 0
Mar 16 22:51:53 partman:   PV /dev/sda5   VG ubuntu804-base   lvm2 [79.76 GB / 0    free]
Mar 16 22:51:53 partman:   Total: 1 [79.76 GB] / in use: 1 [79.76 GB] / in no VG: 0 [0   ]
Mar 16 22:51:53 partman:   Reading all physical volumes.  This may take a while...
Mar 16 22:51:53 partman:   Found volume group "ubuntu804-base" using metadata type lvm2
Mar 16 22:54:49 net/hw-detect.hotplug: Detected hotpluggable network interface eth0
Mar 16 22:54:50 net/hw-detect.hotplug: Detected hotpluggable network interface lo
Mar 16 22:54:52 kernel: [  877.950089] Adding 2043896k swap on /dev/mapper/ubuntu804--base-swap_1.  Priority:-1 extents:1 across:2043896k
Mar 16 22:54:53 partman: mke2fs 1.40.8 (13-Mar-2008)
Mar 16 22:55:44 partman: mke2fs 1.40.8 (13-Mar-2008)
Mar 16 22:55:48 kernel: [  933.962667] kjournald starting.  Commit interval 5 seconds
Mar 16 22:55:48 kernel: [  933.963126] EXT3 FS on dm-0, internal journal
Mar 16 22:55:48 kernel: [  933.963134] EXT3-fs: mounted filesystem with ordered data mode.
Mar 16 22:55:48 kernel: [  934.081973] kjournald starting.  Commit interval 5 seconds
Mar 16 22:55:48 kernel: [  934.086573] EXT3 FS on sda1, internal journal
Mar 16 22:55:48 kernel: [  934.086577] EXT3-fs: mounted filesystem with ordered data mode.
Mar 16 22:55:55 apt-install: Queueing package e2fsprogs for later installation
Mar 16 22:55:55 main-menu[3703]: DEBUG: resolver (libnewt0.52): package doesn't exist (ignored) 
Mar 16 22:55:55 main-menu[3703]: DEBUG: resolver (efi-modules): package doesn't exist (ignored) 
Mar 16 22:55:55 main-menu[3703]: INFO: Falling back to the package description for console-setup-udeb 
Mar 16 22:55:55 main-menu[3703]: INFO: Falling back to the package description for fdisk-udeb 
Mar 16 22:55:56 main-menu[3703]: INFO: Falling back to the package description for console-setup-udeb 
Mar 16 22:55:56 main-menu[3703]: INFO: Menu item 'bootstrap-base' selected 
Mar 16 22:55:56 apt-install: Queueing package console-setup for later installation
Mar 16 22:56:20 dhclient: DHCPREQUEST of <null address> on eth0 to 192.168.235.254 port 67
Mar 16 22:56:20 dhclient: DHCPACK of 192.168.235.138 from 192.168.235.254
Mar 16 22:56:20 dhclient: can't create /var/state/dhcp/dhclient.leases: No such file or directory
Mar 16 22:56:20 dhclient: bound to 192.168.235.138 -- renewal in 810 seconds.
Mar 16 22:57:37 debootstrap: Selecting previously deselected package base-files.
Mar 16 22:57:37 debootstrap: (Reading database ... 
Mar 16 22:57:37 debootstrap: 0 files and directories currently installed.)
Mar 16 22:57:37 debootstrap: Unpacking base-files (from .../base-files_4.0.1ubuntu5_i386.deb) ...
Mar 16 22:57:37 debootstrap: Selecting previously deselected package base-passwd.
Mar 16 22:57:37 debootstrap: Unpacking base-passwd (from .../base-passwd_3.5.16_i386.deb) ...
Mar 16 22:57:37 debootstrap: dpkg: base-passwd: dependency problems, but configuring anyway as you request:
Mar 16 22:57:37 debootstrap:  base-passwd depends on libc6 (>= 2.6.1-1); however:
Mar 16 22:57:37 debootstrap:   Package libc6 is not installed.
Mar 16 22:57:37 debootstrap: Setting up base-passwd (3.5.16) ...
Mar 16 22:57:37 debootstrap: 
Mar 16 22:57:38 debootstrap: Setting up base-files (4.0.1ubuntu5) ...
Mar 16 22:57:38 debootstrap: dpkg: base-files: dependency problems, but configuring anyway as you request:
Mar 16 22:57:38 debootstrap:  base-files depends on awk; however:
Mar 16 22:57:38 debootstrap:   Package awk is not installed.
Mar 16 22:57:38 debootstrap:  base-files depends on libpam-modules (>= 0.79-3ubuntu3); however:
Mar 16 22:57:38 debootstrap:   Package libpam-modules is not installed.
Mar 16 22:57:40 debootstrap: 
Mar 16 22:57:42 debootstrap: dpkg: regarding .../dpkg_1.14.16.6ubuntu3_i386.deb containing dpkg, pre-dependency problem:
Mar 16 22:57:42 debootstrap:  dpkg pre-depends on coreutils (>= 5.93-1)
Mar 16 22:57:42 debootstrap: dpkg: warning - ignoring pre-dependency problem !
Mar 16 22:57:42 debootstrap: dpkg: regarding .../dpkg_1.14.16.6ubuntu3_i386.deb containing dpkg, pre-dependency problem:
Mar 16 22:57:42 debootstrap:  dpkg pre-depends on libc6 (>= 2.7-1)
Mar 16 22:57:42 debootstrap: dpkg: warning - ignoring pre-dependency problem !
Mar 16 22:57:42 debootstrap: dpkg: regarding .../dpkg_1.14.16.6ubuntu3_i386.deb containing dpkg, pre-dependency problem:
Mar 16 22:57:42 debootstrap:  dpkg pre-depends on lzma
Mar 16 22:57:42 debootstrap:   lzma is not installed.
Mar 16 22:57:42 debootstrap: dpkg: warning - ignoring pre-dependency problem !
Mar 16 22:57:42 debootstrap: (Reading database ... 
Mar 16 22:57:42 debootstrap: 97 files and directories currently installed.)
Mar 16 22:57:42 debootstrap: Preparing to replace dpkg 1.14.16.6ubuntu3 (using .../dpkg_1.14.16.6ubuntu3_i386.deb) ...
Mar 16 22:57:42 debootstrap: Unpacking replacement dpkg ...
Mar 16 22:57:42 debootstrap: dpkg: dpkg: dependency problems, but configuring anyway as you request:
Mar 16 22:57:42 debootstrap:  dpkg depends on coreutils (>= 5.93-1); however:
Mar 16 22:57:42 debootstrap:   Package coreutils is not installed.
Mar 16 22:57:42 debootstrap:  dpkg depends on libc6 (>= 2.7-1); however:
Mar 16 22:57:42 debootstrap:   Package libc6 is not installed.
Mar 16 22:57:42 debootstrap:  dpkg depends on lzma; however:
Mar 16 22:57:42 debootstrap:   Package lzma is not installed.
Mar 16 22:57:42 debootstrap: Setting up dpkg (1.14.16.6ubuntu3) ...
Mar 16 22:57:43 debootstrap: 
Mar 16 22:57:44 debootstrap: Selecting previously deselected package libc6.
Mar 16 22:57:44 debootstrap: (Reading database ... 
Mar 16 22:57:44 debootstrap: 330 files and directories currently installed.)
Mar 16 22:57:44 debootstrap: Unpacking libc6 (from .../libc6_2.7-10ubuntu3_i386.deb) ...
Mar 16 22:57:45 debootstrap: dpkg: libc6: dependency problems, but configuring anyway as you request:
Mar 16 22:57:45 debootstrap:  libc6 depends on libgcc1; however:
Mar 16 22:57:45 debootstrap:   Package libgcc1 is not installed.
Mar 16 22:57:45 debootstrap: Setting up libc6 (2.7-10ubuntu3) ...
Mar 16 22:57:46 debootstrap: 
Mar 16 22:57:46 debootstrap: Processing triggers for libc6 ...
Mar 16 22:57:46 debootstrap: ldconfig deferred processing now taking place
Mar 16 22:57:47 debootstrap: Selecting previously deselected package perl-base.
Mar 16 22:57:47 debootstrap: (Reading database ... 672 files and directories currently installed.)
Mar 16 22:57:47 debootstrap: Unpacking perl-base (from .../perl-base_5.8.8-12_i386.deb) ...
Mar 16 22:57:47 debootstrap: Setting up perl-base (5.8.8-12) ...
Mar 16 22:57:48 debootstrap: Selecting previously deselected package mawk.
Mar 16 22:57:48 debootstrap: (Reading database ... 794 files and directories currently installed.)
Mar 16 22:57:48 debootstrap: Unpacking mawk (from .../mawk_1.3.3-11ubuntu2_i386.deb) ...
Mar 16 22:57:48 debootstrap: Setting up mawk (1.3.3-11ubuntu2) ...
Mar 16 22:57:48 debootstrap: 
Mar 16 22:57:49 debootstrap: Selecting previously deselected package debconf.
Mar 16 22:57:49 debootstrap: (Reading database ... 
Mar 16 22:57:49 debootstrap: 813 files and directories currently installed.)
Mar 16 22:57:49 debootstrap: Unpacking debconf (from .../debconf_1.5.20_all.deb) ...
Mar 16 22:57:49 debootstrap: dpkg: debconf: dependency problems, but configuring anyway as you request:
Mar 16 22:57:49 debootstrap:  debconf depends on debconf-i18n | debconf-english; however:
Mar 16 22:57:49 debootstrap:   Package debconf-i18n is not installed.
Mar 16 22:57:49 debootstrap:   Package debconf-english is not installed.
Mar 16 22:57:49 debootstrap: Setting up debconf (1.5.20) ...
Mar 16 22:57:51 debootstrap: 
Mar 16 22:58:41 debootstrap: Selecting previously deselected package libacl1.
Mar 16 22:58:41 debootstrap: (Reading database ... 
Mar 16 22:58:41 debootstrap: 988 files and directories currently installed.)
Mar 16 22:58:41 debootstrap: Unpacking libacl1 (from .../libacl1_2.2.45-1_i386.deb) ...
Mar 16 22:58:41 debootstrap: Selecting previously deselected package libattr1.
Mar 16 22:58:41 debootstrap: Unpacking libattr1 (from .../libattr1_1%3a2.4.39-1_i386.deb) ...
Mar 16 22:58:42 debootstrap: Preparing to replace base-files 4.0.1ubuntu5 (using .../base-files_4.0.1ubuntu5_i386.deb) ...
Mar 16 22:58:42 debootstrap: Unpacking replacement base-files ...
Mar 16 22:58:42 debootstrap: Preparing to replace base-passwd 3.5.16 (using .../base-passwd_3.5.16_i386.deb) ...
Mar 16 22:58:42 debootstrap: Unpacking replacement base-passwd ...
Mar 16 22:58:42 debootstrap: Selecting previously deselected package bash.
Mar 16 22:58:42 debootstrap: Unpacking bash (from .../bash_3.2-0ubuntu16_i386.deb) ...
Mar 16 22:58:42 debootstrap: dpkg: regarding .../bash_3.2-0ubuntu16_i386.deb containing bash, pre-dependency problem:
Mar 16 22:58:42 debootstrap:  bash pre-depends on libncurses5 (>= 5.6+20071006-3)
Mar 16 22:58:42 debootstrap: dpkg: warning - ignoring pre-dependency problem !
Mar 16 22:58:42 debootstrap: Selecting previously deselected package belocs-locales-bin.
Mar 16 22:58:42 debootstrap: Unpacking belocs-locales-bin (from .../belocs-locales-bin_2.4-2.2ubuntu7_i386.deb) ...
Mar 16 22:58:42 debootstrap: Selecting previously deselected package coreutils.
Mar 16 22:58:42 debootstrap: Unpacking coreutils (from .../coreutils_6.10-3ubuntu2_i386.deb) ...
Mar 16 22:58:42 debootstrap: dpkg: regarding .../coreutils_6.10-3ubuntu2_i386.deb containing coreutils, pre-dependency problem:
Mar 16 22:58:42 debootstrap:  coreutils pre-depends on libacl1 (>= 2.2.11-1)
Mar 16 22:58:42 debootstrap:   libacl1 is unpacked, but has never been configured.
Mar 16 22:58:42 debootstrap: dpkg: warning - ignoring pre-dependency problem !
Mar 16 22:58:42 debootstrap: dpkg: regarding .../coreutils_6.10-3ubuntu2_i386.deb containing coreutils, pre-dependency problem:
Mar 16 22:58:42 debootstrap:  coreutils pre-depends on libselinux1
Mar 16 22:58:42 debootstrap:   libselinux1 is not installed.
Mar 16 22:58:42 debootstrap: dpkg: warning - ignoring pre-dependency problem !
Mar 16 22:58:42 debootstrap: No diversion `any diversion of /usr/share/man/man1/md5sum.textutils.1.gz', none removed
Mar 16 22:58:42 debootstrap: No diversion `any diversion of /usr/bin/md5sum.textutils', none removed
Mar 16 22:58:42 debootstrap: Selecting previously deselected package dash.
Mar 16 22:58:42 debootstrap: Unpacking dash (from .../dash_0.5.4-8ubuntu1_i386.deb) ...
Mar 16 22:58:43 debootstrap: Selecting previously deselected package libdb4.6.
Mar 16 22:58:43 debootstrap: Unpacking libdb4.6 (from .../libdb4.6_4.6.21-6ubuntu1_i386.deb) ...
Mar 16 22:58:43 debootstrap: Selecting previously deselected package debconf-i18n.
Mar 16 22:58:43 debootstrap: Unpacking debconf-i18n (from .../debconf-i18n_1.5.20_all.deb) ...
Mar 16 22:58:43 debootstrap: Preparing to replace debconf 1.5.20 (using .../debconf_1.5.20_all.deb) ...
Mar 16 22:58:43 debootstrap: Unpacking replacement debconf ...
Mar 16 22:58:43 debootstrap: Selecting previously deselected package debianutils.
Mar 16 22:58:43 debootstrap: dpkg: regarding .../debianutils_2.28.2-0ubuntu1_i386.deb containing debianutils, pre-dependency problem:
Mar 16 22:58:43 debootstrap:  debianutils pre-depends on coreutils (>= 4.5.8-1)
Mar 16 22:58:43 debootstrap:   coreutils is unpacked, but has never been configured.
Mar 16 22:58:43 debootstrap: dpkg: warning - ignoring pre-dependency problem !
Mar 16 22:58:43 debootstrap: dpkg: regarding .../debianutils_2.28.2-0ubuntu1_i386.deb containing debianutils, pre-dependency problem:
Mar 16 22:58:43 debootstrap:  debianutils pre-depends on mktemp
Mar 16 22:58:43 debootstrap:   mktemp is not installed.
Mar 16 22:58:43 debootstrap: dpkg: warning - ignoring pre-dependency problem !
Mar 16 22:58:43 debootstrap: Unpacking debianutils (from .../debianutils_2.28.2-0ubuntu1_i386.deb) ...
Mar 16 22:58:43 debootstrap: Selecting previously deselected package libdevmapper1.02.1.
Mar 16 22:58:43 debootstrap: Unpacking libdevmapper1.02.1 (from .../libdevmapper1.02.1_2%3a1.02.20-2ubuntu2_i386.deb) ...
Mar 16 22:58:43 debootstrap: Selecting previously deselected package diff.
Mar 16 22:58:43 debootstrap: Unpacking diff (from .../diff_2.8.1-12ubuntu1_i386.deb) ...
Mar 16 22:58:43 debootstrap: Preparing to replace dpkg 1.14.16.6ubuntu3 (using .../dpkg_1.14.16.6ubuntu3_i386.deb) ...
Mar 16 22:58:43 debootstrap: dpkg: regarding .../dpkg_1.14.16.6ubuntu3_i386.deb containing dpkg, pre-dependency problem:
Mar 16 22:58:43 debootstrap:  dpkg pre-depends on coreutils (>= 5.93-1)
Mar 16 22:58:43 debootstrap:   coreutils is unpacked, but has never been configured.
Mar 16 22:58:43 debootstrap: dpkg: warning - ignoring pre-dependency problem !
Mar 16 22:58:43 debootstrap: dpkg: regarding .../dpkg_1.14.16.6ubuntu3_i386.deb containing dpkg, pre-dependency problem:
Mar 16 22:58:43 debootstrap:  dpkg pre-depends on lzma
Mar 16 22:58:43 debootstrap:   lzma is not installed.
Mar 16 22:58:43 debootstrap: dpkg: warning - ignoring pre-dependency problem !
Mar 16 22:58:43 debootstrap: Unpacking replacement dpkg ...
Mar 16 22:58:46 debootstrap: Selecting previously deselected package e2fslibs.
Mar 16 22:58:46 debootstrap: Unpacking e2fslibs (from .../e2fslibs_1.40.8-2ubuntu2_i386.deb) ...
Mar 16 22:58:46 debootstrap: Selecting previously deselected package e2fsprogs.
Mar 16 22:58:46 debootstrap: Unpacking e2fsprogs (from .../e2fsprogs_1.40.8-2ubuntu2_i386.deb) ...
Mar 16 22:58:46 debootstrap: dpkg: regarding .../e2fsprogs_1.40.8-2ubuntu2_i386.deb containing e2fsprogs, pre-dependency problem:
Mar 16 22:58:46 debootstrap:  e2fsprogs pre-depends on e2fslibs (= 1.40.8-2ubuntu2)
Mar 16 22:58:46 debootstrap:   e2fslibs is unpacked, but has never been configured.
Mar 16 22:58:46 debootstrap: dpkg: warning - ignoring pre-dependency problem !
Mar 16 22:58:46 debootstrap: dpkg: regarding .../e2fsprogs_1.40.8-2ubuntu2_i386.deb containing e2fsprogs, pre-dependency problem:
Mar 16 22:58:46 debootstrap:  e2fsprogs pre-depends on libblkid1 (>= 1.34-1)
Mar 16 22:58:46 debootstrap: dpkg: warning - ignoring pre-dependency problem !
Mar 16 22:58:46 debootstrap: dpkg: regarding .../e2fsprogs_1.40.8-2ubuntu2_i386.deb containing e2fsprogs, pre-dependency problem:
Mar 16 22:58:46 debootstrap:  e2fsprogs pre-depends on libcomerr2 (>= 1.34-1)
Mar 16 22:58:46 debootstrap: dpkg: warning - ignoring pre-dependency problem !
Mar 16 22:58:46 debootstrap: dpkg: regarding .../e2fsprogs_1.40.8-2ubuntu2_i386.deb containing e2fsprogs, pre-dependency problem:
Mar 16 22:58:46 debootstrap:  e2fsprogs pre-depends on libss2 (>= 1.34-1)
Mar 16 22:58:46 debootstrap: dpkg: warning - ignoring pre-dependency problem !
Mar 16 22:58:46 debootstrap: dpkg: regarding .../e2fsprogs_1.40.8-2ubuntu2_i386.deb containing e2fsprogs, pre-dependency problem:
Mar 16 22:58:46 debootstrap:  e2fsprogs pre-depends on libuuid1 (>= 1.34-1)
Mar 16 22:58:46 debootstrap: dpkg: warning - ignoring pre-dependency problem !
Mar 16 22:58:46 debootstrap: Selecting previously deselected package libblkid1.
Mar 16 22:58:46 debootstrap: Unpacking libblkid1 (from .../libblkid1_1.40.8-2ubuntu2_i386.deb) ...
Mar 16 22:58:46 debootstrap: Selecting previously deselected package libcomerr2.
Mar 16 22:58:46 debootstrap: Unpacking libcomerr2 (from .../libcomerr2_1.40.8-2ubuntu2_i386.deb) ...
Mar 16 22:58:46 debootstrap: Selecting previously deselected package libss2.
Mar 16 22:58:46 debootstrap: Unpacking libss2 (from .../libss2_1.40.8-2ubuntu2_i386.deb) ...
Mar 16 22:58:46 debootstrap: Selecting previously deselected package libuuid1.
Mar 16 22:58:46 debootstrap: Unpacking libuuid1 (from .../libuuid1_1.40.8-2ubuntu2_i386.deb) ...
Mar 16 22:58:46 debootstrap: Selecting previously deselected package findutils.
Mar 16 22:58:46 debootstrap: Unpacking findutils (from .../findutils_4.2.32-1ubuntu2_i386.deb) ...
Mar 16 22:58:47 debootstrap: Selecting previously deselected package gcc-4.2-base.
Mar 16 22:58:47 debootstrap: Unpacking gcc-4.2-base (from .../gcc-4.2-base_4.2.3-2ubuntu7_i386.deb) ...
Mar 16 22:58:47 debootstrap: Selecting previously deselected package libgcc1.
Mar 16 22:58:47 debootstrap: Unpacking libgcc1 (from .../libgcc1_1%3a4.2.3-2ubuntu7_i386.deb) ...
Mar 16 22:58:47 debootstrap: Selecting previously deselected package libstdc++6.
Mar 16 22:58:47 debootstrap: Unpacking libstdc++6 (from .../libstdc++6_4.2.3-2ubuntu7_i386.deb) ...
Mar 16 22:58:47 debootstrap: Preparing to replace libc6 2.7-10ubuntu3 (using .../libc6_2.7-10ubuntu3_i386.deb) ...
Mar 16 22:58:48 debootstrap: Unpacking replacement libc6 ...
Mar 16 22:58:49 debootstrap: Selecting previously deselected package grep.
Mar 16 22:58:49 debootstrap: Unpacking grep (from .../grep_2.5.3~dfsg-3_i386.deb) ...
Mar 16 22:58:50 debootstrap: Selecting previously deselected package gzip.
Mar 16 22:58:50 debootstrap: Unpacking gzip (from .../gzip_1.3.12-3.2_i386.deb) ...
Mar 16 22:58:50 debootstrap: Selecting previously deselected package hostname.
Mar 16 22:58:50 debootstrap: Unpacking hostname (from .../hostname_2.94_i386.deb) ...
Mar 16 22:58:50 debootstrap: Selecting previously deselected package liblocale-gettext-perl.
Mar 16 22:58:50 debootstrap: Unpacking liblocale-gettext-perl (from .../liblocale-gettext-perl_1.05-2ubuntu1_i386.deb) ...
Mar 16 22:58:50 debootstrap: Selecting previously deselected package libselinux1.
Mar 16 22:58:50 debootstrap: Unpacking libselinux1 (from .../libselinux1_2.0.55-0ubuntu4_i386.deb) ...
Mar 16 22:58:50 debootstrap: Selecting previously deselected package libsepol1.
Mar 16 22:58:50 debootstrap: Unpacking libsepol1 (from .../libsepol1_2.0.20-0ubuntu3_i386.deb) ...
Mar 16 22:58:50 debootstrap: Selecting previously deselected package libtext-charwidth-perl.
Mar 16 22:58:50 debootstrap: Unpacking libtext-charwidth-perl (from .../libtext-charwidth-perl_0.04-4build1_i386.deb) ...
Mar 16 22:58:50 debootstrap: Selecting previously deselected package libtext-iconv-perl.
Mar 16 22:58:50 debootstrap: Unpacking libtext-iconv-perl (from .../libtext-iconv-perl_1.4-3_i386.deb) ...
Mar 16 22:58:51 debootstrap: Selecting previously deselected package libtext-wrapi18n-perl.
Mar 16 22:58:51 debootstrap: Unpacking libtext-wrapi18n-perl (from .../libtext-wrapi18n-perl_0.06-5_all.deb) ...
Mar 16 22:58:51 debootstrap: Selecting previously deselected package libncurses5.
Mar 16 22:58:51 debootstrap: Unpacking libncurses5 (from .../libncurses5_5.6+20071124-1ubuntu2_i386.deb) ...
Mar 16 22:58:51 debootstrap: Selecting previously deselected package libpam-modules.
Mar 16 22:58:51 debootstrap: Unpacking libpam-modules (from .../libpam-modules_0.99.7.1-5ubuntu6_i386.deb) ...
Mar 16 22:58:51 debootstrap: Selecting previously deselected package libpam-runtime.
Mar 16 22:58:51 debootstrap: Unpacking libpam-runtime (from .../libpam-runtime_0.99.7.1-5ubuntu6_all.deb) ...
Mar 16 22:58:51 debootstrap: Selecting previously deselected package libpam0g.
Mar 16 22:58:51 debootstrap: Unpacking libpam0g (from .../libpam0g_0.99.7.1-5ubuntu6_i386.deb) ...
Mar 16 22:58:52 debootstrap: Selecting previously deselected package libslang2.
Mar 16 22:58:52 debootstrap: Unpacking libslang2 (from .../libslang2_2.1.3-2_i386.deb) ...
Mar 16 22:58:53 debootstrap: Selecting previously deselected package initscripts.
Mar 16 22:58:53 debootstrap: Unpacking initscripts (from .../initscripts_2.86.ds1-14.1ubuntu45_i386.deb) ...
Mar 16 22:58:53 debootstrap: Selecting previously deselected package bsdutils.
Mar 16 22:58:53 debootstrap: Unpacking bsdutils (from .../bsdutils_1%3a2.13.1-5ubuntu1_i386.deb) ...
Mar 16 22:58:53 debootstrap: Selecting previously deselected package locales.
Mar 16 22:58:53 debootstrap: Unpacking locales (from .../locales_2.7.9-4_all.deb) ...
Mar 16 22:58:58 debootstrap: Selecting previously deselected package lsb-base.
Mar 16 22:58:58 debootstrap: Unpacking lsb-base (from .../lsb-base_3.2-4ubuntu1_all.deb) ...
Mar 16 22:58:58 debootstrap: Selecting previously deselected package lzma.
Mar 16 22:58:58 debootstrap: Unpacking lzma (from .../lzma_4.43-12ubuntu1_i386.deb) ...
Mar 16 22:58:58 debootstrap: Selecting previously deselected package makedev.
Mar 16 22:58:58 debootstrap: Unpacking makedev (from .../makedev_2.3.1-84ubuntu1_all.deb) ...
Mar 16 22:58:58 debootstrap: Preparing to replace mawk 1.3.3-11ubuntu2 (using .../mawk_1.3.3-11ubuntu2_i386.deb) ...
Mar 16 22:58:58 debootstrap: Unpacking replacement mawk ...
Mar 16 22:58:58 debootstrap: Selecting previously deselected package mktemp.
Mar 16 22:58:58 debootstrap: Unpacking mktemp (from .../mktemp_1.5-5ubuntu2_i386.deb) ...
Mar 16 22:58:58 debootstrap: Selecting previously deselected package ncurses-base.
Mar 16 22:58:58 debootstrap: Unpacking ncurses-base (from .../ncurses-base_5.6+20071124-1ubuntu2_all.deb) ...
Mar 16 22:58:59 debootstrap: Selecting previously deselected package ncurses-bin.
Mar 16 22:58:59 debootstrap: Unpacking ncurses-bin (from .../ncurses-bin_5.6+20071124-1ubuntu2_i386.deb) ...
